[     194ms] [VERBOSE] [DOM] Password field is not contained in a form: (More info: https://goo.gl/9p2vKq) %o @ https://accounts.google.com/v3/signin/identifier?continue=https://accounts.google.com/signin/chrome/sync/finish?est%3DABaQcjYoWaqvKx1l5rQAnDHo1Kz4iiQOUfDovbxqSFsQqKIXey8Qy40Q17MRrqnQnKgB-f17t8vu2WmtnzVPWTw%26continue%3Dhttps://www.google.com/&ssp=1&theme=mn&flowName=GlifDesktopChromeSync&dsh=S1629283308:1779624153975698:0
[     197ms] [LOG] %c%s color: red; background: yellow; font-size: 24px; WARNING! @ https://www.gstatic.com/_/mss/boq-identity/_/js/k=boq-identity.AccountsSignInUi.en_US.alsf3k9Xrdw.es5.O/am=iW8AAACEQhQhA4D9_38DAAggiA74ngVoAoQOAAAAAAAAAABYAAAAjQ/d=1/excm=_b,_tp,identifierview/ed=1/dg=0/wt=2/ujg=1/rs=AOaEmlFtuvti1kaKghzu6TsyBDQ5Y4hNRQ/dti=1/m=_b,_tp:545
[     197ms] [LOG] %c%s font-size: 18px; Using this console may allow attackers to impersonate you and steal your information using an attack called Self-XSS.
Do not enter or paste code that you do not understand. @ https://www.gstatic.com/_/mss/boq-identity/_/js/k=boq-identity.AccountsSignInUi.en_US.alsf3k9Xrdw.es5.O/am=iW8AAACEQhQhA4D9_38DAAggiA74ngVoAoQOAAAAAAAAAABYAAAAjQ/d=1/excm=_b,_tp,identifierview/ed=1/dg=0/wt=2/ujg=1/rs=AOaEmlFtuvti1kaKghzu6TsyBDQ5Y4hNRQ/dti=1/m=_b,_tp:545
[    8954ms] [WARNING] Blocked aria-hidden on an element because its descendant retained focus. The focus must not be hidden from assistive technology users. Avoid using aria-hidden on a focused element or its ancestor. Consider using the inert attribute instead, which will also prevent focus. For more details, see the aria-hidden section of the WAI-ARIA specification at https://w3c.github.io/aria/#aria-hidden.
Element with focus: <div.sZwd7c B6Vhqe>
Ancestor with aria-hidden: <div.TdwKnf> @ https://accounts.google.com/v3/signin/identifier?continue=https://accounts.google.com/signin/chrome/sync/finish?est%3DABaQcjYoWaqvKx1l5rQAnDHo1Kz4iiQOUfDovbxqSFsQqKIXey8Qy40Q17MRrqnQnKgB-f17t8vu2WmtnzVPWTw%26continue%3Dhttps://www.google.com/&ssp=1&theme=mn&flowName=GlifDesktopChromeSync&dsh=S1629283308:1779624153975698:0
[   11024ms] [VERBOSE] [DOM] Password field is not contained in a form: (More info: https://goo.gl/9p2vKq) %o @ https://accounts.google.com/v3/signin/challenge/pwd?TL=APouJz6E3TwwOp2R7rK4UpRWeXCQb_owsphXKx_jcAJDbUNVe2_lYEU97Fz0dELw&checkConnection=youtube%3A224&checkedDomains=youtube&cid=1&continue=https%3A%2F%2Faccounts.google.com%2Fsignin%2Fchrome%2Fsync%2Ffinish%3Fest%3DABaQcjYoWaqvKx1l5rQAnDHo1Kz4iiQOUfDovbxqSFsQqKIXey8Qy40Q17MRrqnQnKgB-f17t8vu2WmtnzVPWTw%26continue%3Dhttps%3A%2F%2Fwww.google.com%2F&dsh=S1629283308%3A1779624153975698&flowName=GlifDesktopChromeSync&pstMsg=1&theme=mn:0
[   63574ms] [LOG] JQMIGRATE: Migrate is installed, version 3.4.1 @ https://hyundaigujrat.com/wp-includes/js/jquery/jquery-migrate.min.js?ver=3.4.1:1
[   65711ms] [ERROR] Failed to load resource: the server responded with a status of 404 () @ https://hyundaigujrat.com/wp-content/plugins/pdf-button/my-pdf-plugin.js:0
[   65784ms] TypeError: this.$element.sticky is not a function
    at child.activate (https://hyundaigujrat.com/wp-content/plugins/elementor-pro/assets/js/frontend.min.js?ver=3.5.2:2:18769)
    at r.<computed> [as activate] (https://hyundaigujrat.com/wp-content/plugins/elementor/assets/js/frontend-modules.min.js?ver=4.0.8:1:3395)
    at child.run (https://hyundaigujrat.com/wp-content/plugins/elementor-pro/assets/js/frontend.min.js?ver=3.5.2:2:19063)
    at r.<computed> [as run] (https://hyundaigujrat.com/wp-content/plugins/elementor/assets/js/frontend-modules.min.js?ver=4.0.8:1:3395)
    at child.onInit (https://hyundaigujrat.com/wp-content/plugins/elementor-pro/assets/js/frontend.min.js?ver=3.5.2:2:19669)
    at r.<computed> [as onInit] (https://hyundaigujrat.com/wp-content/plugins/elementor/assets/js/frontend-modules.min.js?ver=4.0.8:1:3395)
    at Module.trigger (https://hyundaigujrat.com/wp-content/plugins/elementor/assets/js/frontend-modules.min.js?ver=4.0.8:1:3210)
    at r.<computed> [as trigger] (https://hyundaigujrat.com/wp-content/plugins/elementor/assets/js/frontend-modules.min.js?ver=4.0.8:1:3395)
    at child.Module (https://hyundaigujrat.com/wp-content/plugins/elementor/assets/js/frontend-modules.min.js?ver=4.0.8:1:3492)
    at child (https://hyundaigujrat.com/wp-content/plugins/elementor/assets/js/frontend-modules.min.js?ver=4.0.8:1:3757)
[   65785ms] TypeError: this.$element.sticky is not a function
    at child.activate (https://hyundaigujrat.com/wp-content/plugins/elementor-pro/assets/js/frontend.min.js?ver=3.5.2:2:18769)
    at r.<computed> [as activate] (https://hyundaigujrat.com/wp-content/plugins/elementor/assets/js/frontend-modules.min.js?ver=4.0.8:1:3395)
    at child.run (https://hyundaigujrat.com/wp-content/plugins/elementor-pro/assets/js/frontend.min.js?ver=3.5.2:2:19063)
    at r.<computed> (https://hyundaigujrat.com/wp-content/plugins/elementor/assets/js/frontend-modules.min.js?ver=4.0.8:1:3395)
    at dispatch (https://hyundaigujrat.com/wp-includes/js/jquery/jquery.min.js?ver=3.7.1:2:40035)
    at v.handle (https://hyundaigujrat.com/wp-includes/js/jquery/jquery.min.js?ver=3.7.1:2:38006)
    at Object.trigger (https://hyundaigujrat.com/wp-includes/js/jquery/jquery.min.js?ver=3.7.1:2:70124)
    at https://hyundaigujrat.com/wp-includes/js/jquery/jquery.min.js?ver=3.7.1:2:70726
    at ce.each (https://hyundaigujrat.com/wp-includes/js/jquery/jquery.min.js?ver=3.7.1:2:3129)
    at e.<computed>.each (https://hyundaigujrat.com/wp-includes/js/jquery/jquery.min.js?ver=3.7.1:2:1594)
