[     196ms] [INFO] %cDownload the React DevTools for a better development experience: https://react.dev/link/react-devtools font-weight:bold @ http://localhost:3000/_next/static/chunks/0qqy_next_dist_0xm.zuy._.js:2477
[     249ms] [LOG] [HMR] connected @ http://localhost:3000/_next/static/chunks/0qqy_next_dist_0xm.zuy._.js:2477
[   40129ms] [LOG] [Fast Refresh] rebuilding @ http://localhost:3000/_next/static/chunks/0qqy_next_dist_0xm.zuy._.js:2477
[   40196ms] [LOG] [Fast Refresh] done in 24ms @ http://localhost:3000/_next/static/chunks/0qqy_next_dist_0xm.zuy._.js:2477
[   41457ms] [LOG] [Fast Refresh] rebuilding @ http://localhost:3000/_next/static/chunks/0qqy_next_dist_0xm.zuy._.js:2477
[   41459ms] [LOG] [Fast Refresh] done in 1ms @ http://localhost:3000/_next/static/chunks/0qqy_next_dist_0xm.zuy._.js:2477
[   50383ms] [LOG] [Fast Refresh] rebuilding @ http://localhost:3000/_next/static/chunks/0qqy_next_dist_0xm.zuy._.js:2477
[   50427ms] [ERROR] ./chat1/src/app/page.tsx:4:1
Export BackgroundVideo doesn't exist in target module
  2 | import { TopNav } from "@/components/imagine/top-nav";
  3 | import { Hero } from "@/components/imagine/hero";
> 4 | import { BackgroundVideo } from "@/components/imagine/background-video";
    | ^^^^^^^^^^^^^^^^^^^^^^^^^^^^^^^^^^^^^^^^^^^^^^^^^^^^^^^^^^^^^^^^^^^^^^^^
  5 |
  6 | export default function Page() {
  7 |   return (

The export BackgroundVideo was not found in module [project]/chat1/src/components/imagine/background-video.tsx [app-rsc] (ecmascript).
Did you mean to import PageBackdrop?
All exports of the module are statically known (It doesn't have dynamic exports). So it's known statically that the requested export doesn't exist. @ http://localhost:3000/_next/static/chunks/0qqy_next_dist_0xm.zuy._.js:3318
[   50557ms] [LOG] [Fast Refresh] rebuilding @ http://localhost:3000/_next/static/chunks/0qqy_next_dist_0xm.zuy._.js:2477
[   50726ms] [ERROR] ./chat1/src/app/page.tsx:4:1
Export BackgroundVideo doesn't exist in target module
  2 | import { TopNav } from "@/components/imagine/top-nav";
  3 | import { Hero } from "@/components/imagine/hero";
> 4 | import { BackgroundVideo } from "@/components/imagine/background-video";
    | ^^^^^^^^^^^^^^^^^^^^^^^^^^^^^^^^^^^^^^^^^^^^^^^^^^^^^^^^^^^^^^^^^^^^^^^^
  5 |
  6 | export default function Page() {
  7 |   return (

The export BackgroundVideo was not found in module [project]/chat1/src/components/imagine/background-video.tsx [app-rsc] (ecmascript).
Did you mean to import PageBackdrop?
All exports of the module are statically known (It doesn't have dynamic exports). So it's known statically that the requested export doesn't exist. @ http://localhost:3000/_next/static/chunks/0qqy_next_dist_0xm.zuy._.js:3318
[   50828ms] [LOG] [Fast Refresh] rebuilding @ http://localhost:3000/_next/static/chunks/0qqy_next_dist_0xm.zuy._.js:2477
[   50909ms] [ERROR] ./chat1/src/app/page.tsx:4:1
Export BackgroundVideo doesn't exist in target module
  2 | import { TopNav } from "@/components/imagine/top-nav";
  3 | import { Hero } from "@/components/imagine/hero";
> 4 | import { BackgroundVideo } from "@/components/imagine/background-video";
    | ^^^^^^^^^^^^^^^^^^^^^^^^^^^^^^^^^^^^^^^^^^^^^^^^^^^^^^^^^^^^^^^^^^^^^^^^
  5 |
  6 | export default function Page() {
  7 |   return (

The export BackgroundVideo was not found in module [project]/chat1/src/components/imagine/background-video.tsx [app-rsc] (ecmascript).
Did you mean to import PageBackdrop?
All exports of the module are statically known (It doesn't have dynamic exports). So it's known statically that the requested export doesn't exist. @ http://localhost:3000/_next/static/chunks/0qqy_next_dist_0xm.zuy._.js:3318
[   50909ms] [ERROR] Failed to load resource: the server responded with a status of 500 (Internal Server Error) @ http://localhost:3000/?_rsc=q3mOO9BClNZHexY7:0
[   50923ms] [ERROR] Failed to load resource: the server responded with a status of 500 (Internal Server Error) @ http://localhost:3000/?_rsc=q3mOO9BClNZHexY7:0
[   50929ms] [ERROR] Failed to load resource: the server responded with a status of 500 (Internal Server Error) @ http://localhost:3000/?_rsc=q3mOO9BClNZHexY7:0
[   50936ms] [ERROR] Failed to load resource: the server responded with a status of 500 (Internal Server Error) @ http://localhost:3000/?_rsc=q3mOO9BClNZHexY7:0
[   50942ms] [ERROR] Failed to load resource: the server responded with a status of 500 (Internal Server Error) @ http://localhost:3000/?_rsc=q3mOO9BClNZHexY7:0
[   50961ms] [ERROR] Failed to load resource: the server responded with a status of 500 (Internal Server Error) @ http://localhost:3000/:0
[   51014ms] [INFO] %cDownload the React DevTools for a better development experience: https://react.dev/link/react-devtools font-weight:bold @ http://localhost:3000/_next/static/chunks/0qqy_react-dom_07bfh.b._.js:15305
[   51046ms] Error: ./chat1/src/app/page.tsx:4:1
Export BackgroundVideo doesn't exist in target module
  2 | import { TopNav } from "@/components/imagine/top-nav";
  3 | import { Hero } from "@/components/imagine/hero";
> 4 | import { BackgroundVideo } from "@/components/imagine/background-video";
    | ^^^^^^^^^^^^^^^^^^^^^^^^^^^^^^^^^^^^^^^^^^^^^^^^^^^^^^^^^^^^^^^^^^^^^^^^
  5 |
  6 | export default function Page() {
  7 |   return (

The export BackgroundVideo was not found in module [project]/chat1/src/components/imagine/background-video.tsx [app-rsc] (ecmascript).
Did you mean to import PageBackdrop?
All exports of the module are statically known (It doesn't have dynamic exports). So it's known statically that the requested export doesn't exist.


    at <unknown> (Error: ./chat1/src/app/page.tsx:4:1)
    at Object.getCompilationErrors (file:///Users/vyro/chat1/node_modules/next/dist/server/dev/hot-reloader-turbopack.js:1186:59)
    at DevBundlerService.getCompilationError (file:///Users/vyro/chat1/node_modules/next/dist/server/lib/dev-bundler-service.js:44:55)
    at DevServer.getCompilationError (file:///Users/vyro/chat1/node_modules/next/dist/server/dev/next-dev-server.js:720:42)
    at DevServer.findPageComponents (file:///Users/vyro/chat1/node_modules/next/dist/server/dev/next-dev-server.js:690:43)
    at async DevServer.renderErrorToResponseImpl (file:///Users/vyro/chat1/node_modules/next/dist/server/base-server.js:1753:26)
[   51045ms] [LOG] [HMR] connected @ http://localhost:3000/_next/static/chunks/0qqy_next_dist_0x6mzrn._.js:1226
[   51046ms] [ERROR] ./chat1/src/app/page.tsx:4:1
Export BackgroundVideo doesn't exist in target module
  2 | import { TopNav } from "@/components/imagine/top-nav";
  3 | import { Hero } from "@/components/imagine/hero";
> 4 | import { BackgroundVideo } from "@/components/imagine/background-video";
    | ^^^^^^^^^^^^^^^^^^^^^^^^^^^^^^^^^^^^^^^^^^^^^^^^^^^^^^^^^^^^^^^^^^^^^^^^
  5 |
  6 | export default function Page() {
  7 |   return (

The export BackgroundVideo was not found in module [project]/chat1/src/components/imagine/background-video.tsx [app-rsc] (ecmascript).
Did you mean to import PageBackdrop?
All exports of the module are statically known (It doesn't have dynamic exports). So it's known statically that the requested export doesn't exist. @ http://localhost:3000/_next/static/chunks/0qqy_next_dist_0x6mzrn._.js:1945
[   51108ms] [ERROR] ./chat1/src/app/page.tsx:4:1
Export BackgroundVideo doesn't exist in target module
  2 | import { TopNav } from "@/components/imagine/top-nav";
  3 | import { Hero } from "@/components/imagine/hero";
> 4 | import { BackgroundVideo } from "@/components/imagine/background-video";
    | ^^^^^^^^^^^^^^^^^^^^^^^^^^^^^^^^^^^^^^^^^^^^^^^^^^^^^^^^^^^^^^^^^^^^^^^^
  5 |
  6 | export default function Page() {
  7 |   return (

The export BackgroundVideo was not found in module [project]/chat1/src/components/imagine/background-video.tsx [app-rsc] (ecmascript).
Did you mean to import PageBackdrop?
All exports of the module are statically known (It doesn't have dynamic exports). So it's known statically that the requested export doesn't exist. @ http://localhost:3000/_next/static/chunks/0qqy_next_dist_0x6mzrn._.js:1945
[   51156ms] [LOG] [Fast Refresh] rebuilding @ http://localhost:3000/_next/static/chunks/0qqy_next_dist_0x6mzrn._.js:1226
[   59295ms] [LOG] [Fast Refresh] rebuilding @ http://localhost:3000/_next/static/chunks/0qqy_next_dist_0x6mzrn._.js:1226
[   59326ms] [ERROR] ./chat1/src/app/page.tsx:4:1
Export BackgroundVideo doesn't exist in target module
  2 | import { TopNav } from "@/components/imagine/top-nav";
  3 | import { Hero } from "@/components/imagine/hero";
> 4 | import { BackgroundVideo } from "@/components/imagine/background-video";
    | ^^^^^^^^^^^^^^^^^^^^^^^^^^^^^^^^^^^^^^^^^^^^^^^^^^^^^^^^^^^^^^^^^^^^^^^^
  5 |
  6 | export default function Page() {
  7 |   return (

The export BackgroundVideo was not found in module [project]/chat1/src/components/imagine/background-video.tsx [app-rsc] (ecmascript).
Did you mean to import PageBackdrop?
All exports of the module are statically known (It doesn't have dynamic exports). So it's known statically that the requested export doesn't exist. @ http://localhost:3000/_next/static/chunks/0qqy_next_dist_0x6mzrn._.js:1945
[   59341ms] [ERROR] Failed to load resource: the server responded with a status of 500 (Internal Server Error) @ http://localhost:3000/:0
[   59357ms] [INFO] %cDownload the React DevTools for a better development experience: https://react.dev/link/react-devtools font-weight:bold @ http://localhost:3000/_next/static/chunks/0qqy_react-dom_07bfh.b._.js:15305
[   59365ms] Error: ./chat1/src/app/page.tsx:4:1
Export BackgroundVideo doesn't exist in target module
  2 | import { TopNav } from "@/components/imagine/top-nav";
  3 | import { Hero } from "@/components/imagine/hero";
> 4 | import { BackgroundVideo } from "@/components/imagine/background-video";
    | ^^^^^^^^^^^^^^^^^^^^^^^^^^^^^^^^^^^^^^^^^^^^^^^^^^^^^^^^^^^^^^^^^^^^^^^^
  5 |
  6 | export default function Page() {
  7 |   return (

The export BackgroundVideo was not found in module [project]/chat1/src/components/imagine/background-video.tsx [app-rsc] (ecmascript).
Did you mean to import PageBackdrop?
All exports of the module are statically known (It doesn't have dynamic exports). So it's known statically that the requested export doesn't exist.


    at <unknown> (Error: ./chat1/src/app/page.tsx:4:1)
    at Object.getCompilationErrors (file:///Users/vyro/chat1/node_modules/next/dist/server/dev/hot-reloader-turbopack.js:1186:59)
    at DevBundlerService.getCompilationError (file:///Users/vyro/chat1/node_modules/next/dist/server/lib/dev-bundler-service.js:44:55)
    at DevServer.getCompilationError (file:///Users/vyro/chat1/node_modules/next/dist/server/dev/next-dev-server.js:720:42)
    at DevServer.findPageComponents (file:///Users/vyro/chat1/node_modules/next/dist/server/dev/next-dev-server.js:690:43)
    at async DevServer.renderErrorToResponseImpl (file:///Users/vyro/chat1/node_modules/next/dist/server/base-server.js:1753:26)
[   59365ms] [LOG] [HMR] connected @ http://localhost:3000/_next/static/chunks/0qqy_next_dist_0x6mzrn._.js:1226
[   59365ms] [ERROR] ./chat1/src/app/page.tsx:4:1
Export BackgroundVideo doesn't exist in target module
  2 | import { TopNav } from "@/components/imagine/top-nav";
  3 | import { Hero } from "@/components/imagine/hero";
> 4 | import { BackgroundVideo } from "@/components/imagine/background-video";
    | ^^^^^^^^^^^^^^^^^^^^^^^^^^^^^^^^^^^^^^^^^^^^^^^^^^^^^^^^^^^^^^^^^^^^^^^^
  5 |
  6 | export default function Page() {
  7 |   return (

The export BackgroundVideo was not found in module [project]/chat1/src/components/imagine/background-video.tsx [app-rsc] (ecmascript).
Did you mean to import PageBackdrop?
All exports of the module are statically known (It doesn't have dynamic exports). So it's known statically that the requested export doesn't exist. @ http://localhost:3000/_next/static/chunks/0qqy_next_dist_0x6mzrn._.js:1945
[   59367ms] [ERROR] ./chat1/src/app/page.tsx:4:1
Export BackgroundVideo doesn't exist in target module
  2 | import { TopNav } from "@/components/imagine/top-nav";
  3 | import { Hero } from "@/components/imagine/hero";
> 4 | import { BackgroundVideo } from "@/components/imagine/background-video";
    | ^^^^^^^^^^^^^^^^^^^^^^^^^^^^^^^^^^^^^^^^^^^^^^^^^^^^^^^^^^^^^^^^^^^^^^^^
  5 |
  6 | export default function Page() {
  7 |   return (

The export BackgroundVideo was not found in module [project]/chat1/src/components/imagine/background-video.tsx [app-rsc] (ecmascript).
Did you mean to import PageBackdrop?
All exports of the module are statically known (It doesn't have dynamic exports). So it's known statically that the requested export doesn't exist. @ http://localhost:3000/_next/static/chunks/0qqy_next_dist_0x6mzrn._.js:1945
[   59400ms] [ERROR] ./chat1/src/app/page.tsx:4:1
Export BackgroundVideo doesn't exist in target module
  2 | import { TopNav } from "@/components/imagine/top-nav";
  3 | import { Hero } from "@/components/imagine/hero";
> 4 | import { BackgroundVideo } from "@/components/imagine/background-video";
    | ^^^^^^^^^^^^^^^^^^^^^^^^^^^^^^^^^^^^^^^^^^^^^^^^^^^^^^^^^^^^^^^^^^^^^^^^
  5 |
  6 | export default function Page() {
  7 |   return (

The export BackgroundVideo was not found in module [project]/chat1/src/components/imagine/background-video.tsx [app-rsc] (ecmascript).
Did you mean to import PageBackdrop?
All exports of the module are statically known (It doesn't have dynamic exports). So it's known statically that the requested export doesn't exist. @ http://localhost:3000/_next/static/chunks/0qqy_next_dist_0x6mzrn._.js:1945
[   59468ms] [LOG] [Fast Refresh] rebuilding @ http://localhost:3000/_next/static/chunks/0qqy_next_dist_0x6mzrn._.js:1226
[   67023ms] [LOG] [Fast Refresh] rebuilding @ http://localhost:3000/_next/static/chunks/0qqy_next_dist_0x6mzrn._.js:1226
[   67128ms] [LOG] [Fast Refresh] done in 17ms @ http://localhost:3000/_next/static/chunks/0qqy_next_dist_0x6mzrn._.js:1226
[   67200ms] [ERROR] Failed to load resource: the server responded with a status of 500 (Internal Server Error) @ http://localhost:3000/:0
[   67214ms] [INFO] %cDownload the React DevTools for a better development experience: https://react.dev/link/react-devtools font-weight:bold @ http://localhost:3000/_next/static/chunks/0qqy_next_dist_0xm.zuy._.js:2477
[   67220ms] [LOG] [HMR] connected @ http://localhost:3000/_next/static/chunks/0qqy_next_dist_0xm.zuy._.js:2477
[   67274ms] ReferenceError: BackgroundVideo is not defined
    at Page (about://React/Server/file:///Users/vyro/chat1/.next/dev/server/chunks/ssr/%5Broot-of-the-server%5D__0p41qqb._.js?0:981:274)
    at resolveErrorDev (http://localhost:3000/_next/static/chunks/0qqy_next_dist_compiled_react-server-dom-turbopack_0n_.0kk._.js:1919:105)
    at processFullStringRow (http://localhost:3000/_next/static/chunks/0qqy_next_dist_compiled_react-server-dom-turbopack_0n_.0kk._.js:2434:29)
    at processFullBinaryRow (http://localhost:3000/_next/static/chunks/0qqy_next_dist_compiled_react-server-dom-turbopack_0n_.0kk._.js:2393:9)
    at processBinaryChunk (http://localhost:3000/_next/static/chunks/0qqy_next_dist_compiled_react-server-dom-turbopack_0n_.0kk._.js:2502:221)
    at progress (http://localhost:3000/_next/static/chunks/0qqy_next_dist_compiled_react-server-dom-turbopack_0n_.0kk._.js:2689:13)
[   68538ms] [LOG] [Fast Refresh] rebuilding @ http://localhost:3000/_next/static/chunks/0qqy_next_dist_0xm.zuy._.js:2477
[   68763ms] [LOG] [Fast Refresh] done in 296ms @ http://localhost:3000/_next/static/chunks/0qqy_next_dist_0xm.zuy._.js:2477
[   68912ms] [LOG] [Fast Refresh] rebuilding @ http://localhost:3000/_next/static/chunks/0qqy_next_dist_0xm.zuy._.js:2477
[   68959ms] [LOG] [Fast Refresh] done in 148ms @ http://localhost:3000/_next/static/chunks/0qqy_next_dist_0xm.zuy._.js:2477
[   69074ms] [INFO] %cDownload the React DevTools for a better development experience: https://react.dev/link/react-devtools font-weight:bold @ http://localhost:3000/_next/static/chunks/0qqy_next_dist_0xm.zuy._.js:2477
[   69085ms] [LOG] [HMR] connected @ http://localhost:3000/_next/static/chunks/0qqy_next_dist_0xm.zuy._.js:2477
