[     420ms] [LOG] [Fast Refresh] rebuilding @ http://localhost:3000/_next/static/chunks/0qqy_next_dist_0xm.zuy._.js:2477
[     542ms] [LOG] [Fast Refresh] done in 261ms @ http://localhost:3000/_next/static/chunks/0qqy_next_dist_0xm.zuy._.js:2477
[    1048ms] [INFO] %cDownload the React DevTools for a better development experience: https://react.dev/link/react-devtools font-weight:bold @ http://localhost:3000/_next/static/chunks/0qqy_next_dist_0xm.zuy._.js:2477
[    1135ms] [LOG] [HMR] connected @ http://localhost:3000/_next/static/chunks/0qqy_next_dist_0xm.zuy._.js:2477
[    1436ms] [LOG] [Fast Refresh] rebuilding @ http://localhost:3000/_next/static/chunks/0qqy_next_dist_0xm.zuy._.js:2477
[    2140ms] [LOG] [Fast Refresh] done in 805ms @ http://localhost:3000/_next/static/chunks/0qqy_next_dist_0xm.zuy._.js:2477
[    4850ms] [WARNING] The resource http://localhost:3000/_next/static/media/Matrixtype_Regular-s.p.03ef..uy5y_bj.ttf was preloaded using link preload but not used within a few seconds from the window's load event. Please make sure it has an appropriate `as` value and it is preloaded intentionally. @ http://localhost:3000/?v=15:0
[    4850ms] [WARNING] The resource http://localhost:3000/_next/static/media/PixeloidSans_Regular-s.p.0r_fcpc9zyie8.ttf was preloaded using link preload but not used within a few seconds from the window's load event. Please make sure it has an appropriate `as` value and it is preloaded intentionally. @ http://localhost:3000/?v=15:0
[    4850ms] [WARNING] The resource http://localhost:3000/_next/static/media/Matrixtype_Bold-s.p.0now-ui-z30b1.ttf was preloaded using link preload but not used within a few seconds from the window's load event. Please make sure it has an appropriate `as` value and it is preloaded intentionally. @ http://localhost:3000/?v=15:0
[    8646ms] [WARNING] The resource http://localhost:3000/_next/static/media/Matrixtype_Regular-s.p.03ef..uy5y_bj.ttf was preloaded using link preload but not used within a few seconds from the window's load event. Please make sure it has an appropriate `as` value and it is preloaded intentionally. @ http://localhost:3000/?v=15:0
[    8646ms] [WARNING] The resource http://localhost:3000/_next/static/media/PixeloidSans_Regular-s.p.0r_fcpc9zyie8.ttf was preloaded using link preload but not used within a few seconds from the window's load event. Please make sure it has an appropriate `as` value and it is preloaded intentionally. @ http://localhost:3000/?v=15:0
[    8646ms] [WARNING] The resource http://localhost:3000/_next/static/media/Matrixtype_Bold-s.p.0now-ui-z30b1.ttf was preloaded using link preload but not used within a few seconds from the window's load event. Please make sure it has an appropriate `as` value and it is preloaded intentionally. @ http://localhost:3000/?v=15:0
[    9189ms] [LOG] [Fast Refresh] rebuilding @ http://localhost:3000/_next/static/chunks/0qqy_next_dist_0xm.zuy._.js:2477
[    9308ms] [LOG] [Fast Refresh] done in 283ms @ http://localhost:3000/_next/static/chunks/0qqy_next_dist_0xm.zuy._.js:2477
[    9510ms] [LOG] [Fast Refresh] rebuilding @ http://localhost:3000/_next/static/chunks/0qqy_next_dist_0xm.zuy._.js:2477
[    9519ms] [LOG] [Fast Refresh] done in 169ms @ http://localhost:3000/_next/static/chunks/0qqy_next_dist_0xm.zuy._.js:2477
[  298061ms] [LOG] [Fast Refresh] rebuilding @ http://localhost:3000/_next/static/chunks/0qqy_next_dist_0xm.zuy._.js:2477
[  300152ms] [LOG] [Fast Refresh] done in 2199ms @ http://localhost:3000/_next/static/chunks/0qqy_next_dist_0xm.zuy._.js:2477
[  301439ms] [WARNING] The resource http://localhost:3000/_next/static/media/Matrixtype_Regular-s.p.03ef..uy5y_bj.ttf was preloaded using link preload but not used within a few seconds from the window's load event. Please make sure it has an appropriate `as` value and it is preloaded intentionally. @ http://localhost:3000/?v=15:0
[  301439ms] [WARNING] The resource http://localhost:3000/_next/static/media/PixeloidSans_Regular-s.p.0r_fcpc9zyie8.ttf was preloaded using link preload but not used within a few seconds from the window's load event. Please make sure it has an appropriate `as` value and it is preloaded intentionally. @ http://localhost:3000/?v=15:0
[  301439ms] [WARNING] The resource http://localhost:3000/_next/static/media/Matrixtype_Bold-s.p.0now-ui-z30b1.ttf was preloaded using link preload but not used within a few seconds from the window's load event. Please make sure it has an appropriate `as` value and it is preloaded intentionally. @ http://localhost:3000/?v=15:0
[  344462ms] [LOG] [Fast Refresh] rebuilding @ http://localhost:3000/_next/static/chunks/0qqy_next_dist_0xm.zuy._.js:2477
[  347755ms] [LOG] [Fast Refresh] done in 3435ms @ http://localhost:3000/_next/static/chunks/0qqy_next_dist_0xm.zuy._.js:2477
[  347916ms] [WARNING] The resource http://localhost:3000/_next/static/media/Matrixtype_Regular-s.p.03ef..uy5y_bj.ttf was preloaded using link preload but not used within a few seconds from the window's load event. Please make sure it has an appropriate `as` value and it is preloaded intentionally. @ http://localhost:3000/?v=15:0
[  347916ms] [WARNING] The resource http://localhost:3000/_next/static/media/PixeloidSans_Regular-s.p.0r_fcpc9zyie8.ttf was preloaded using link preload but not used within a few seconds from the window's load event. Please make sure it has an appropriate `as` value and it is preloaded intentionally. @ http://localhost:3000/?v=15:0
[  347916ms] [WARNING] The resource http://localhost:3000/_next/static/media/Matrixtype_Bold-s.p.0now-ui-z30b1.ttf was preloaded using link preload but not used within a few seconds from the window's load event. Please make sure it has an appropriate `as` value and it is preloaded intentionally. @ http://localhost:3000/?v=15:0
[  357642ms] [LOG] [Fast Refresh] rebuilding @ http://localhost:3000/_next/static/chunks/0qqy_next_dist_0xm.zuy._.js:2477
[  359232ms] [LOG] [Fast Refresh] done in 1729ms @ http://localhost:3000/_next/static/chunks/0qqy_next_dist_0xm.zuy._.js:2477
[  361071ms] [WARNING] The resource http://localhost:3000/_next/static/media/Matrixtype_Regular-s.p.03ef..uy5y_bj.ttf was preloaded using link preload but not used within a few seconds from the window's load event. Please make sure it has an appropriate `as` value and it is preloaded intentionally. @ http://localhost:3000/?v=15:0
[  361071ms] [WARNING] The resource http://localhost:3000/_next/static/media/PixeloidSans_Regular-s.p.0r_fcpc9zyie8.ttf was preloaded using link preload but not used within a few seconds from the window's load event. Please make sure it has an appropriate `as` value and it is preloaded intentionally. @ http://localhost:3000/?v=15:0
[  361071ms] [WARNING] The resource http://localhost:3000/_next/static/media/Matrixtype_Bold-s.p.0now-ui-z30b1.ttf was preloaded using link preload but not used within a few seconds from the window's load event. Please make sure it has an appropriate `as` value and it is preloaded intentionally. @ http://localhost:3000/?v=15:0
[  382412ms] [ERROR] WebSocket connection to 'ws://localhost:3000/_next/webpack-hmr?id=iR4f7TJMsm1uLop8SP3HQ' failed: Error in connection establishment: net::ERR_CONNECTION_REFUSED @ http://localhost:3000/_next/static/chunks/0qqy_next_dist_client_12y3eab._.js:13322
[  383522ms] [ERROR] WebSocket connection to 'ws://localhost:3000/_next/webpack-hmr?id=iR4f7TJMsm1uLop8SP3HQ' failed: Error in connection establishment: net::ERR_CONNECTION_REFUSED @ http://localhost:3000/_next/static/chunks/0qqy_next_dist_client_12y3eab._.js:13322
[  384612ms] [ERROR] WebSocket connection to 'ws://localhost:3000/_next/webpack-hmr?id=iR4f7TJMsm1uLop8SP3HQ' failed: Error in connection establishment: net::ERR_CONNECTION_REFUSED @ http://localhost:3000/_next/static/chunks/0qqy_next_dist_client_12y3eab._.js:13322
[  388124ms] [LOG] [HMR] connected @ http://localhost:3000/_next/static/chunks/0qqy_next_dist_0xm.zuy._.js:2477
[  390921ms] [INFO] %cDownload the React DevTools for a better development experience: https://react.dev/link/react-devtools font-weight:bold @ http://localhost:3000/_next/static/chunks/0qqy_next_dist_0xm.zuy._.js:2477
[  390973ms] [LOG] [HMR] connected @ http://localhost:3000/_next/static/chunks/0qqy_next_dist_0xm.zuy._.js:2477
[  392025ms] [LOG] [Fast Refresh] rebuilding @ http://localhost:3000/_next/static/chunks/0qqy_next_dist_0xm.zuy._.js:2477
[  392049ms] [LOG] [Fast Refresh] done in 131ms @ http://localhost:3000/_next/static/chunks/0qqy_next_dist_0xm.zuy._.js:2477
[  932460ms] [LOG] [Fast Refresh] rebuilding @ http://localhost:3000/_next/static/chunks/0qqy_next_dist_0xm.zuy._.js:2477
[  933444ms] [LOG] [Fast Refresh] done in 1062ms @ http://localhost:3000/_next/static/chunks/0qqy_next_dist_0xm.zuy._.js:2477
