[     446ms] [LOG] [Fast Refresh] rebuilding @ http://localhost:3000/_next/static/chunks/0qqy_next_dist_0xm.zuy._.js:2477
[    4590ms] [LOG] [Fast Refresh] done in 4246ms @ http://localhost:3000/_next/static/chunks/0qqy_next_dist_0xm.zuy._.js:2477
[   11751ms] [INFO] %cDownload the React DevTools for a better development experience: https://react.dev/link/react-devtools font-weight:bold @ http://localhost:3000/_next/static/chunks/0qqy_next_dist_0xm.zuy._.js:2477
[   11886ms] [LOG] [HMR] connected @ http://localhost:3000/_next/static/chunks/0qqy_next_dist_0xm.zuy._.js:2477
[   12234ms] [LOG] [Fast Refresh] rebuilding @ http://localhost:3000/_next/static/chunks/0qqy_next_dist_0xm.zuy._.js:2477
[   13058ms] [LOG] [Fast Refresh] done in 924ms @ http://localhost:3000/_next/static/chunks/0qqy_next_dist_0xm.zuy._.js:2477
[   13305ms] [LOG] [Fast Refresh] rebuilding @ http://localhost:3000/_next/static/chunks/0qqy_next_dist_0xm.zuy._.js:2477
[   13442ms] [LOG] [Fast Refresh] done in 237ms @ http://localhost:3000/_next/static/chunks/0qqy_next_dist_0xm.zuy._.js:2477
[   17923ms] [LOG] [Fast Refresh] rebuilding @ http://localhost:3000/_next/static/chunks/0qqy_next_dist_0xm.zuy._.js:2477
[   17924ms] [LOG] [Fast Refresh] done in 101ms @ http://localhost:3000/_next/static/chunks/0qqy_next_dist_0xm.zuy._.js:2477
[   51414ms] [LOG] [Fast Refresh] rebuilding @ http://localhost:3000/_next/static/chunks/0qqy_next_dist_0xm.zuy._.js:2477
[   53066ms] [LOG] [Fast Refresh] done in 1752ms @ http://localhost:3000/_next/static/chunks/0qqy_next_dist_0xm.zuy._.js:2477
[   59125ms] [LOG] [Fast Refresh] rebuilding @ http://localhost:3000/_next/static/chunks/0qqy_next_dist_0xm.zuy._.js:2477
[   59133ms] [LOG] [Fast Refresh] done in 108ms @ http://localhost:3000/_next/static/chunks/0qqy_next_dist_0xm.zuy._.js:2477
[  108853ms] [LOG] [Fast Refresh] rebuilding @ http://localhost:3000/_next/static/chunks/0qqy_next_dist_0xm.zuy._.js:2477
[  109307ms] [LOG] [Fast Refresh] done in 555ms @ http://localhost:3000/_next/static/chunks/0qqy_next_dist_0xm.zuy._.js:2477
[  266471ms] [LOG] [Fast Refresh] rebuilding @ http://localhost:3000/_next/static/chunks/0qqy_next_dist_0xm.zuy._.js:2477
[  266516ms] [LOG] [Fast Refresh] done in 134ms @ http://localhost:3000/_next/static/chunks/0qqy_next_dist_0xm.zuy._.js:2477
[  266673ms] [LOG] [Fast Refresh] rebuilding @ http://localhost:3000/_next/static/chunks/0qqy_next_dist_0xm.zuy._.js:2477
[  267006ms] [LOG] [Fast Refresh] done in 433ms @ http://localhost:3000/_next/static/chunks/0qqy_next_dist_0xm.zuy._.js:2477
