[    6600ms] [INFO] %cDownload the React DevTools for a better development experience: https://react.dev/link/react-devtools font-weight:bold @ http://localhost:3000/_next/static/chunks/0qqy_next_dist_0xm.zuy._.js:2477
[    6751ms] [LOG] [HMR] connected @ http://localhost:3000/_next/static/chunks/0qqy_next_dist_0xm.zuy._.js:2477
[    9309ms] [LOG] [Fast Refresh] rebuilding @ http://localhost:3000/_next/static/chunks/0qqy_next_dist_0xm.zuy._.js:2477
[   12473ms] [LOG] [Fast Refresh] done in 3288ms @ http://localhost:3000/_next/static/chunks/0qqy_next_dist_0xm.zuy._.js:2477
[   27766ms] [LOG] [Fast Refresh] rebuilding @ http://localhost:3000/_next/static/chunks/0qqy_next_dist_0xm.zuy._.js:2477
[   28351ms] [LOG] [Fast Refresh] done in 728ms @ http://localhost:3000/_next/static/chunks/0qqy_next_dist_0xm.zuy._.js:2477
[  122454ms] [LOG] [Fast Refresh] rebuilding @ http://localhost:3000/_next/static/chunks/0qqy_next_dist_0xm.zuy._.js:2477
[  123622ms] [LOG] [Fast Refresh] done in 1316ms @ http://localhost:3000/_next/static/chunks/0qqy_next_dist_0xm.zuy._.js:2477
[  123874ms] [LOG] [Fast Refresh] rebuilding @ http://localhost:3000/_next/static/chunks/0qqy_next_dist_0xm.zuy._.js:2477
[  124212ms] [LOG] [Fast Refresh] done in 477ms @ http://localhost:3000/_next/static/chunks/0qqy_next_dist_0xm.zuy._.js:2477
[  259272ms] [LOG] [Fast Refresh] rebuilding @ http://localhost:3000/_next/static/chunks/0qqy_next_dist_0xm.zuy._.js:2477
[  264883ms] [LOG] [Fast Refresh] done in 5747ms @ http://localhost:3000/_next/static/chunks/0qqy_next_dist_0xm.zuy._.js:2477
[  267020ms] [LOG] [Fast Refresh] rebuilding @ http://localhost:3000/_next/static/chunks/0qqy_next_dist_0xm.zuy._.js:2477
[  268167ms] [LOG] [Fast Refresh] done in 1263ms @ http://localhost:3000/_next/static/chunks/0qqy_next_dist_0xm.zuy._.js:2477
[  289614ms] [LOG] [Fast Refresh] rebuilding @ http://localhost:3000/_next/static/chunks/0qqy_next_dist_0xm.zuy._.js:2477
[  289651ms] [LOG] [Fast Refresh] done in 188ms @ http://localhost:3000/_next/static/chunks/0qqy_next_dist_0xm.zuy._.js:2477
[  310391ms] [LOG] [Fast Refresh] rebuilding @ http://localhost:3000/_next/static/chunks/0qqy_next_dist_0xm.zuy._.js:2477
[  310868ms] [LOG] [Fast Refresh] done in 610ms @ http://localhost:3000/_next/static/chunks/0qqy_next_dist_0xm.zuy._.js:2477
[  311135ms] [LOG] [Fast Refresh] rebuilding @ http://localhost:3000/_next/static/chunks/0qqy_next_dist_0xm.zuy._.js:2477
[  311135ms] [LOG] [Fast Refresh] done in 135ms @ http://localhost:3000/_next/static/chunks/0qqy_next_dist_0xm.zuy._.js:2477
[  337725ms] [LOG] [Fast Refresh] rebuilding @ http://localhost:3000/_next/static/chunks/0qqy_next_dist_0xm.zuy._.js:2477
