[     294ms] [LOG] [Fast Refresh] rebuilding @ http://localhost:3000/_next/static/chunks/0qqy_next_dist_0xm.zuy._.js:2477
[     294ms] [LOG] [Fast Refresh] done in 120ms @ http://localhost:3000/_next/static/chunks/0qqy_next_dist_0xm.zuy._.js:2477
[     483ms] [INFO] %cDownload the React DevTools for a better development experience: https://react.dev/link/react-devtools font-weight:bold @ http://localhost:3000/_next/static/chunks/0qqy_next_dist_0xm.zuy._.js:2477
[     533ms] [LOG] [HMR] connected @ http://localhost:3000/_next/static/chunks/0qqy_next_dist_0xm.zuy._.js:2477
[   13059ms] [LOG] [Fast Refresh] rebuilding @ http://localhost:3000/_next/static/chunks/0qqy_next_dist_0xm.zuy._.js:2477
[   13139ms] [LOG] [Fast Refresh] done in 223ms @ http://localhost:3000/_next/static/chunks/0qqy_next_dist_0xm.zuy._.js:2477
[  129380ms] [LOG] [Fast Refresh] rebuilding @ http://localhost:3000/_next/static/chunks/0qqy_next_dist_0xm.zuy._.js:2477
[  129398ms] [LOG] [Fast Refresh] done in 117ms @ http://localhost:3000/_next/static/chunks/0qqy_next_dist_0xm.zuy._.js:2477
[  311614ms] [ERROR] WebSocket connection to 'ws://localhost:3000/_next/webpack-hmr?id=2JzgLzVl8Ab30qXR6pan5' failed: Error in connection establishment: net::ERR_CONNECTION_REFUSED @ http://localhost:3000/_next/static/chunks/0qqy_next_dist_client_12y3eab._.js:13322
[  312749ms] [ERROR] WebSocket connection to 'ws://localhost:3000/_next/webpack-hmr?id=2JzgLzVl8Ab30qXR6pan5' failed: Error in connection establishment: net::ERR_CONNECTION_REFUSED @ http://localhost:3000/_next/static/chunks/0qqy_next_dist_client_12y3eab._.js:13322
[  313842ms] [ERROR] WebSocket connection to 'ws://localhost:3000/_next/webpack-hmr?id=2JzgLzVl8Ab30qXR6pan5' failed: Error in connection establishment: net::ERR_CONNECTION_REFUSED @ http://localhost:3000/_next/static/chunks/0qqy_next_dist_client_12y3eab._.js:13322
[  315036ms] [ERROR] WebSocket connection to 'ws://localhost:3000/_next/webpack-hmr?id=2JzgLzVl8Ab30qXR6pan5' failed: Error in connection establishment: net::ERR_CONNECTION_REFUSED @ http://localhost:3000/_next/static/chunks/0qqy_next_dist_client_12y3eab._.js:13322
[  316147ms] [ERROR] WebSocket connection to 'ws://localhost:3000/_next/webpack-hmr?id=2JzgLzVl8Ab30qXR6pan5' failed: Error in connection establishment: net::ERR_CONNECTION_REFUSED @ http://localhost:3000/_next/static/chunks/0qqy_next_dist_client_12y3eab._.js:13322
[  321258ms] [ERROR] WebSocket connection to 'ws://localhost:3000/_next/webpack-hmr?id=2JzgLzVl8Ab30qXR6pan5' failed: Error in connection establishment: net::ERR_CONNECTION_REFUSED @ http://localhost:3000/_next/static/chunks/0qqy_next_dist_client_12y3eab._.js:13322
[  326421ms] [ERROR] WebSocket connection to 'ws://localhost:3000/_next/webpack-hmr?id=2JzgLzVl8Ab30qXR6pan5' failed: Error in connection establishment: net::ERR_CONNECTION_REFUSED @ http://localhost:3000/_next/static/chunks/0qqy_next_dist_client_12y3eab._.js:13322
[  331515ms] [ERROR] WebSocket connection to 'ws://localhost:3000/_next/webpack-hmr?id=2JzgLzVl8Ab30qXR6pan5' failed: Error in connection establishment: net::ERR_CONNECTION_REFUSED @ http://localhost:3000/_next/static/chunks/0qqy_next_dist_client_12y3eab._.js:13322
[  336653ms] [ERROR] WebSocket connection to 'ws://localhost:3000/_next/webpack-hmr?id=2JzgLzVl8Ab30qXR6pan5' failed: Error in connection establishment: net::ERR_CONNECTION_REFUSED @ http://localhost:3000/_next/static/chunks/0qqy_next_dist_client_12y3eab._.js:13322
[  341759ms] [ERROR] WebSocket connection to 'ws://localhost:3000/_next/webpack-hmr?id=2JzgLzVl8Ab30qXR6pan5' failed: Error in connection establishment: net::ERR_CONNECTION_REFUSED @ http://localhost:3000/_next/static/chunks/0qqy_next_dist_client_12y3eab._.js:13322
[  346987ms] [ERROR] WebSocket connection to 'ws://localhost:3000/_next/webpack-hmr?id=2JzgLzVl8Ab30qXR6pan5' failed: Error in connection establishment: net::ERR_CONNECTION_REFUSED @ http://localhost:3000/_next/static/chunks/0qqy_next_dist_client_12y3eab._.js:13322
[  352178ms] [ERROR] WebSocket connection to 'ws://localhost:3000/_next/webpack-hmr?id=2JzgLzVl8Ab30qXR6pan5' failed: Error in connection establishment: net::ERR_CONNECTION_REFUSED @ http://localhost:3000/_next/static/chunks/0qqy_next_dist_client_12y3eab._.js:13322
[  449244ms] [INFO] %cDownload the React DevTools for a better development experience: https://react.dev/link/react-devtools font-weight:bold @ http://localhost:3000/_next/static/chunks/0qqy_next_dist_0xm.zuy._.js:2477
[  449286ms] [LOG] [HMR] connected @ http://localhost:3000/_next/static/chunks/0qqy_next_dist_0xm.zuy._.js:2477
