[     471ms] [LOG] [Fast Refresh] rebuilding @ http://localhost:3000/_next/static/chunks/0qqy_next_dist_0xm.zuy._.js:2477
[     575ms] [LOG] [Fast Refresh] done in 240ms @ http://localhost:3000/_next/static/chunks/0qqy_next_dist_0xm.zuy._.js:2477
[     761ms] [LOG] [Fast Refresh] rebuilding @ http://localhost:3000/_next/static/chunks/0qqy_next_dist_0xm.zuy._.js:2477
[    1458ms] [LOG] [Fast Refresh] done in 847ms @ http://localhost:3000/_next/static/chunks/0qqy_next_dist_0xm.zuy._.js:2477
[    2017ms] [INFO] %cDownload the React DevTools for a better development experience: https://react.dev/link/react-devtools font-weight:bold @ http://localhost:3000/_next/static/chunks/0qqy_next_dist_0xm.zuy._.js:2477
[    2070ms] [LOG] [HMR] connected @ http://localhost:3000/_next/static/chunks/0qqy_next_dist_0xm.zuy._.js:2477
[    3269ms] [LOG] [Fast Refresh] rebuilding @ http://localhost:3000/_next/static/chunks/0qqy_next_dist_0xm.zuy._.js:2477
[    3862ms] [LOG] [Fast Refresh] done in 741ms @ http://localhost:3000/_next/static/chunks/0qqy_next_dist_0xm.zuy._.js:2477
[    6742ms] [WARNING] The resource http://localhost:3000/_next/static/media/Matrixtype_Regular-s.p.03ef..uy5y_bj.ttf was preloaded using link preload but not used within a few seconds from the window's load event. Please make sure it has an appropriate `as` value and it is preloaded intentionally. @ http://localhost:3000/?v=6:0
[    6742ms] [WARNING] The resource http://localhost:3000/_next/static/media/PixeloidSans_Regular-s.p.0r_fcpc9zyie8.ttf was preloaded using link preload but not used within a few seconds from the window's load event. Please make sure it has an appropriate `as` value and it is preloaded intentionally. @ http://localhost:3000/?v=6:0
[    6742ms] [WARNING] The resource http://localhost:3000/_next/static/media/Matrixtype_Bold-s.p.0now-ui-z30b1.ttf was preloaded using link preload but not used within a few seconds from the window's load event. Please make sure it has an appropriate `as` value and it is preloaded intentionally. @ http://localhost:3000/?v=6:0
[    6742ms] [WARNING] The resource http://localhost:3000/_next/static/media/MatrixtypeDisplay_Bold-s.p.0o0_zsrn4.bj7.ttf was preloaded using link preload but not used within a few seconds from the window's load event. Please make sure it has an appropriate `as` value and it is preloaded intentionally. @ http://localhost:3000/?v=6:0
[    7031ms] [LOG] [Fast Refresh] rebuilding @ http://localhost:3000/_next/static/chunks/0qqy_next_dist_0xm.zuy._.js:2477
[    7066ms] [LOG] [Fast Refresh] done in 165ms @ http://localhost:3000/_next/static/chunks/0qqy_next_dist_0xm.zuy._.js:2477
[   12011ms] [WARNING] The resource http://localhost:3000/_next/static/media/Matrixtype_Regular-s.p.03ef..uy5y_bj.ttf was preloaded using link preload but not used within a few seconds from the window's load event. Please make sure it has an appropriate `as` value and it is preloaded intentionally. @ http://localhost:3000/?v=6:0
[   12012ms] [WARNING] The resource http://localhost:3000/_next/static/media/PixeloidSans_Regular-s.p.0r_fcpc9zyie8.ttf was preloaded using link preload but not used within a few seconds from the window's load event. Please make sure it has an appropriate `as` value and it is preloaded intentionally. @ http://localhost:3000/?v=6:0
[   12012ms] [WARNING] The resource http://localhost:3000/_next/static/media/Matrixtype_Bold-s.p.0now-ui-z30b1.ttf was preloaded using link preload but not used within a few seconds from the window's load event. Please make sure it has an appropriate `as` value and it is preloaded intentionally. @ http://localhost:3000/?v=6:0
[   12012ms] [WARNING] The resource http://localhost:3000/_next/static/media/MatrixtypeDisplay_Bold-s.p.0o0_zsrn4.bj7.ttf was preloaded using link preload but not used within a few seconds from the window's load event. Please make sure it has an appropriate `as` value and it is preloaded intentionally. @ http://localhost:3000/?v=6:0
[   14429ms] [LOG] [Fast Refresh] rebuilding @ http://localhost:3000/_next/static/chunks/0qqy_next_dist_0xm.zuy._.js:2477
[   14742ms] [LOG] [Fast Refresh] done in 462ms @ http://localhost:3000/_next/static/chunks/0qqy_next_dist_0xm.zuy._.js:2477
[   14956ms] [LOG] [Fast Refresh] rebuilding @ http://localhost:3000/_next/static/chunks/0qqy_next_dist_0xm.zuy._.js:2477
[   15611ms] [LOG] [Fast Refresh] done in 767ms @ http://localhost:3000/_next/static/chunks/0qqy_next_dist_0xm.zuy._.js:2477
[   15827ms] [LOG] [Fast Refresh] rebuilding @ http://localhost:3000/_next/static/chunks/0qqy_next_dist_0xm.zuy._.js:2477
[   16053ms] [LOG] [Fast Refresh] done in 367ms @ http://localhost:3000/_next/static/chunks/0qqy_next_dist_0xm.zuy._.js:2477
[   16327ms] [LOG] [Fast Refresh] rebuilding @ http://localhost:3000/_next/static/chunks/0qqy_next_dist_0xm.zuy._.js:2477
[   16387ms] [LOG] [Fast Refresh] done in 188ms @ http://localhost:3000/_next/static/chunks/0qqy_next_dist_0xm.zuy._.js:2477
[   18333ms] [WARNING] The resource http://localhost:3000/_next/static/media/Matrixtype_Regular-s.p.03ef..uy5y_bj.ttf was preloaded using link preload but not used within a few seconds from the window's load event. Please make sure it has an appropriate `as` value and it is preloaded intentionally. @ http://localhost:3000/?v=6:0
[   18333ms] [WARNING] The resource http://localhost:3000/_next/static/media/PixeloidSans_Regular-s.p.0r_fcpc9zyie8.ttf was preloaded using link preload but not used within a few seconds from the window's load event. Please make sure it has an appropriate `as` value and it is preloaded intentionally. @ http://localhost:3000/?v=6:0
[   18333ms] [WARNING] The resource http://localhost:3000/_next/static/media/Matrixtype_Bold-s.p.0now-ui-z30b1.ttf was preloaded using link preload but not used within a few seconds from the window's load event. Please make sure it has an appropriate `as` value and it is preloaded intentionally. @ http://localhost:3000/?v=6:0
[   18334ms] [WARNING] The resource http://localhost:3000/_next/static/media/MatrixtypeDisplay_Bold-s.p.0o0_zsrn4.bj7.ttf was preloaded using link preload but not used within a few seconds from the window's load event. Please make sure it has an appropriate `as` value and it is preloaded intentionally. @ http://localhost:3000/?v=6:0
[   18334ms] [LOG] [Fast Refresh] rebuilding @ http://localhost:3000/_next/static/chunks/0qqy_next_dist_0xm.zuy._.js:2477
[   18891ms] [LOG] [Fast Refresh] done in 699ms @ http://localhost:3000/_next/static/chunks/0qqy_next_dist_0xm.zuy._.js:2477
[   19132ms] [LOG] [Fast Refresh] rebuilding @ http://localhost:3000/_next/static/chunks/0qqy_next_dist_0xm.zuy._.js:2477
[   19459ms] [LOG] [Fast Refresh] done in 468ms @ http://localhost:3000/_next/static/chunks/0qqy_next_dist_0xm.zuy._.js:2477
[   19658ms] [LOG] [Fast Refresh] rebuilding @ http://localhost:3000/_next/static/chunks/0qqy_next_dist_0xm.zuy._.js:2477
[   19890ms] [LOG] [Fast Refresh] done in 380ms @ http://localhost:3000/_next/static/chunks/0qqy_next_dist_0xm.zuy._.js:2477
[   20772ms] [LOG] [Fast Refresh] rebuilding @ http://localhost:3000/_next/static/chunks/0qqy_next_dist_0xm.zuy._.js:2477
[   21136ms] [LOG] [Fast Refresh] done in 483ms @ http://localhost:3000/_next/static/chunks/0qqy_next_dist_0xm.zuy._.js:2477
[   21888ms] [LOG] [Fast Refresh] rebuilding @ http://localhost:3000/_next/static/chunks/0qqy_next_dist_0xm.zuy._.js:2477
[   22140ms] [LOG] [Fast Refresh] done in 386ms @ http://localhost:3000/_next/static/chunks/0qqy_next_dist_0xm.zuy._.js:2477
[   23447ms] [LOG] [Fast Refresh] rebuilding @ http://localhost:3000/_next/static/chunks/0qqy_next_dist_0xm.zuy._.js:2477
[   24121ms] [LOG] [Fast Refresh] done in 794ms @ http://localhost:3000/_next/static/chunks/0qqy_next_dist_0xm.zuy._.js:2477
[   26883ms] [WARNING] The resource http://localhost:3000/_next/static/media/Matrixtype_Regular-s.p.03ef..uy5y_bj.ttf was preloaded using link preload but not used within a few seconds from the window's load event. Please make sure it has an appropriate `as` value and it is preloaded intentionally. @ http://localhost:3000/?v=6:0
[   26884ms] [WARNING] The resource http://localhost:3000/_next/static/media/PixeloidSans_Regular-s.p.0r_fcpc9zyie8.ttf was preloaded using link preload but not used within a few seconds from the window's load event. Please make sure it has an appropriate `as` value and it is preloaded intentionally. @ http://localhost:3000/?v=6:0
[   26884ms] [WARNING] The resource http://localhost:3000/_next/static/media/Matrixtype_Bold-s.p.0now-ui-z30b1.ttf was preloaded using link preload but not used within a few seconds from the window's load event. Please make sure it has an appropriate `as` value and it is preloaded intentionally. @ http://localhost:3000/?v=6:0
[   26884ms] [WARNING] The resource http://localhost:3000/_next/static/media/MatrixtypeDisplay_Bold-s.p.0o0_zsrn4.bj7.ttf was preloaded using link preload but not used within a few seconds from the window's load event. Please make sure it has an appropriate `as` value and it is preloaded intentionally. @ http://localhost:3000/?v=6:0
[   27085ms] [LOG] [Fast Refresh] rebuilding @ http://localhost:3000/_next/static/chunks/0qqy_next_dist_0xm.zuy._.js:2477
[   27146ms] [LOG] [Fast Refresh] done in 193ms @ http://localhost:3000/_next/static/chunks/0qqy_next_dist_0xm.zuy._.js:2477
[   27506ms] [LOG] [Fast Refresh] rebuilding @ http://localhost:3000/_next/static/chunks/0qqy_next_dist_0xm.zuy._.js:2477
[   27919ms] [LOG] [Fast Refresh] done in 708ms @ http://localhost:3000/_next/static/chunks/0qqy_next_dist_0xm.zuy._.js:2477
[   29084ms] [LOG] [Fast Refresh] rebuilding @ http://localhost:3000/_next/static/chunks/0qqy_next_dist_0xm.zuy._.js:2477
[   29244ms] [LOG] [Fast Refresh] done in 313ms @ http://localhost:3000/_next/static/chunks/0qqy_next_dist_0xm.zuy._.js:2477
[   29428ms] [LOG] [Fast Refresh] rebuilding @ http://localhost:3000/_next/static/chunks/0qqy_next_dist_0xm.zuy._.js:2477
[   29672ms] [LOG] [Fast Refresh] done in 390ms @ http://localhost:3000/_next/static/chunks/0qqy_next_dist_0xm.zuy._.js:2477
[   30684ms] [WARNING] The resource http://localhost:3000/_next/static/media/Matrixtype_Regular-s.p.03ef..uy5y_bj.ttf was preloaded using link preload but not used within a few seconds from the window's load event. Please make sure it has an appropriate `as` value and it is preloaded intentionally. @ http://localhost:3000/?v=6:0
[   30684ms] [WARNING] The resource http://localhost:3000/_next/static/media/PixeloidSans_Regular-s.p.0r_fcpc9zyie8.ttf was preloaded using link preload but not used within a few seconds from the window's load event. Please make sure it has an appropriate `as` value and it is preloaded intentionally. @ http://localhost:3000/?v=6:0
[   30684ms] [WARNING] The resource http://localhost:3000/_next/static/media/Matrixtype_Bold-s.p.0now-ui-z30b1.ttf was preloaded using link preload but not used within a few seconds from the window's load event. Please make sure it has an appropriate `as` value and it is preloaded intentionally. @ http://localhost:3000/?v=6:0
[   30684ms] [WARNING] The resource http://localhost:3000/_next/static/media/MatrixtypeDisplay_Bold-s.p.0o0_zsrn4.bj7.ttf was preloaded using link preload but not used within a few seconds from the window's load event. Please make sure it has an appropriate `as` value and it is preloaded intentionally. @ http://localhost:3000/?v=6:0
[   30824ms] [LOG] [Fast Refresh] rebuilding @ http://localhost:3000/_next/static/chunks/0qqy_next_dist_0xm.zuy._.js:2477
[   31244ms] [LOG] [Fast Refresh] done in 604ms @ http://localhost:3000/_next/static/chunks/0qqy_next_dist_0xm.zuy._.js:2477
[   31441ms] [LOG] [Fast Refresh] rebuilding @ http://localhost:3000/_next/static/chunks/0qqy_next_dist_0xm.zuy._.js:2477
[   32507ms] [LOG] [Fast Refresh] done in 1216ms @ http://localhost:3000/_next/static/chunks/0qqy_next_dist_0xm.zuy._.js:2477
[   33798ms] [LOG] [Fast Refresh] rebuilding @ http://localhost:3000/_next/static/chunks/0qqy_next_dist_0xm.zuy._.js:2477
[   34046ms] [LOG] [Fast Refresh] done in 416ms @ http://localhost:3000/_next/static/chunks/0qqy_next_dist_0xm.zuy._.js:2477
[   34252ms] [LOG] [Fast Refresh] rebuilding @ http://localhost:3000/_next/static/chunks/0qqy_next_dist_0xm.zuy._.js:2477
[   34378ms] [LOG] [Fast Refresh] done in 289ms @ http://localhost:3000/_next/static/chunks/0qqy_next_dist_0xm.zuy._.js:2477
[   34648ms] [LOG] [Fast Refresh] rebuilding @ http://localhost:3000/_next/static/chunks/0qqy_next_dist_0xm.zuy._.js:2477
[   34963ms] [WARNING] The resource http://localhost:3000/_next/static/media/Matrixtype_Regular-s.p.03ef..uy5y_bj.ttf was preloaded using link preload but not used within a few seconds from the window's load event. Please make sure it has an appropriate `as` value and it is preloaded intentionally. @ http://localhost:3000/?v=6:0
[   34963ms] [WARNING] The resource http://localhost:3000/_next/static/media/PixeloidSans_Regular-s.p.0r_fcpc9zyie8.ttf was preloaded using link preload but not used within a few seconds from the window's load event. Please make sure it has an appropriate `as` value and it is preloaded intentionally. @ http://localhost:3000/?v=6:0
[   34963ms] [WARNING] The resource http://localhost:3000/_next/static/media/Matrixtype_Bold-s.p.0now-ui-z30b1.ttf was preloaded using link preload but not used within a few seconds from the window's load event. Please make sure it has an appropriate `as` value and it is preloaded intentionally. @ http://localhost:3000/?v=6:0
[   34963ms] [WARNING] The resource http://localhost:3000/_next/static/media/MatrixtypeDisplay_Bold-s.p.0o0_zsrn4.bj7.ttf was preloaded using link preload but not used within a few seconds from the window's load event. Please make sure it has an appropriate `as` value and it is preloaded intentionally. @ http://localhost:3000/?v=6:0
[   35386ms] [LOG] [Fast Refresh] done in 872ms @ http://localhost:3000/_next/static/chunks/0qqy_next_dist_0xm.zuy._.js:2477
[   36185ms] [LOG] [Fast Refresh] rebuilding @ http://localhost:3000/_next/static/chunks/0qqy_next_dist_0xm.zuy._.js:2477
[   36666ms] [LOG] [Fast Refresh] done in 602ms @ http://localhost:3000/_next/static/chunks/0qqy_next_dist_0xm.zuy._.js:2477
[   37861ms] [LOG] [Fast Refresh] rebuilding @ http://localhost:3000/_next/static/chunks/0qqy_next_dist_0xm.zuy._.js:2477
[   38178ms] [LOG] [Fast Refresh] done in 449ms @ http://localhost:3000/_next/static/chunks/0qqy_next_dist_0xm.zuy._.js:2477
[   38524ms] [LOG] [Fast Refresh] rebuilding @ http://localhost:3000/_next/static/chunks/0qqy_next_dist_0xm.zuy._.js:2477
[   39124ms] [LOG] [Fast Refresh] done in 757ms @ http://localhost:3000/_next/static/chunks/0qqy_next_dist_0xm.zuy._.js:2477
[   41987ms] [WARNING] The resource http://localhost:3000/_next/static/media/Matrixtype_Regular-s.p.03ef..uy5y_bj.ttf was preloaded using link preload but not used within a few seconds from the window's load event. Please make sure it has an appropriate `as` value and it is preloaded intentionally. @ http://localhost:3000/?v=6:0
[   41987ms] [WARNING] The resource http://localhost:3000/_next/static/media/PixeloidSans_Regular-s.p.0r_fcpc9zyie8.ttf was preloaded using link preload but not used within a few seconds from the window's load event. Please make sure it has an appropriate `as` value and it is preloaded intentionally. @ http://localhost:3000/?v=6:0
[   41987ms] [WARNING] The resource http://localhost:3000/_next/static/media/Matrixtype_Bold-s.p.0now-ui-z30b1.ttf was preloaded using link preload but not used within a few seconds from the window's load event. Please make sure it has an appropriate `as` value and it is preloaded intentionally. @ http://localhost:3000/?v=6:0
[   41987ms] [WARNING] The resource http://localhost:3000/_next/static/media/MatrixtypeDisplay_Bold-s.p.0o0_zsrn4.bj7.ttf was preloaded using link preload but not used within a few seconds from the window's load event. Please make sure it has an appropriate `as` value and it is preloaded intentionally. @ http://localhost:3000/?v=6:0
[   42232ms] [LOG] [Fast Refresh] rebuilding @ http://localhost:3000/_next/static/chunks/0qqy_next_dist_0xm.zuy._.js:2477
[   42337ms] [LOG] [Fast Refresh] done in 244ms @ http://localhost:3000/_next/static/chunks/0qqy_next_dist_0xm.zuy._.js:2477
[   51160ms] [WARNING] The resource http://localhost:3000/_next/static/media/Matrixtype_Regular-s.p.03ef..uy5y_bj.ttf was preloaded using link preload but not used within a few seconds from the window's load event. Please make sure it has an appropriate `as` value and it is preloaded intentionally. @ http://localhost:3000/?v=6:0
[   51160ms] [WARNING] The resource http://localhost:3000/_next/static/media/PixeloidSans_Regular-s.p.0r_fcpc9zyie8.ttf was preloaded using link preload but not used within a few seconds from the window's load event. Please make sure it has an appropriate `as` value and it is preloaded intentionally. @ http://localhost:3000/?v=6:0
[   51160ms] [WARNING] The resource http://localhost:3000/_next/static/media/Matrixtype_Bold-s.p.0now-ui-z30b1.ttf was preloaded using link preload but not used within a few seconds from the window's load event. Please make sure it has an appropriate `as` value and it is preloaded intentionally. @ http://localhost:3000/?v=6:0
[   51160ms] [WARNING] The resource http://localhost:3000/_next/static/media/MatrixtypeDisplay_Bold-s.p.0o0_zsrn4.bj7.ttf was preloaded using link preload but not used within a few seconds from the window's load event. Please make sure it has an appropriate `as` value and it is preloaded intentionally. @ http://localhost:3000/?v=6:0
[   52694ms] [LOG] [Fast Refresh] rebuilding @ http://localhost:3000/_next/static/chunks/0qqy_next_dist_0xm.zuy._.js:2477
[   53105ms] [LOG] [Fast Refresh] done in 566ms @ http://localhost:3000/_next/static/chunks/0qqy_next_dist_0xm.zuy._.js:2477
[   55388ms] [LOG] [Fast Refresh] rebuilding @ http://localhost:3000/_next/static/chunks/0qqy_next_dist_0xm.zuy._.js:2477
[   56243ms] [LOG] [Fast Refresh] done in 994ms @ http://localhost:3000/_next/static/chunks/0qqy_next_dist_0xm.zuy._.js:2477
[   56480ms] [LOG] [Fast Refresh] rebuilding @ http://localhost:3000/_next/static/chunks/0qqy_next_dist_0xm.zuy._.js:2477
[   57128ms] [LOG] [Fast Refresh] done in 780ms @ http://localhost:3000/_next/static/chunks/0qqy_next_dist_0xm.zuy._.js:2477
[   57297ms] [LOG] [Fast Refresh] rebuilding @ http://localhost:3000/_next/static/chunks/0qqy_next_dist_0xm.zuy._.js:2477
[   57517ms] [LOG] [Fast Refresh] done in 351ms @ http://localhost:3000/_next/static/chunks/0qqy_next_dist_0xm.zuy._.js:2477
[   57644ms] [LOG] [Fast Refresh] rebuilding @ http://localhost:3000/_next/static/chunks/0qqy_next_dist_0xm.zuy._.js:2477
[   60085ms] [LOG] [Fast Refresh] done in 2566ms @ http://localhost:3000/_next/static/chunks/0qqy_next_dist_0xm.zuy._.js:2477
[   61087ms] [WARNING] The resource http://localhost:3000/_next/static/media/Matrixtype_Regular-s.p.03ef..uy5y_bj.ttf was preloaded using link preload but not used within a few seconds from the window's load event. Please make sure it has an appropriate `as` value and it is preloaded intentionally. @ http://localhost:3000/?v=6:0
[   61087ms] [WARNING] The resource http://localhost:3000/_next/static/media/PixeloidSans_Regular-s.p.0r_fcpc9zyie8.ttf was preloaded using link preload but not used within a few seconds from the window's load event. Please make sure it has an appropriate `as` value and it is preloaded intentionally. @ http://localhost:3000/?v=6:0
[   61087ms] [WARNING] The resource http://localhost:3000/_next/static/media/Matrixtype_Bold-s.p.0now-ui-z30b1.ttf was preloaded using link preload but not used within a few seconds from the window's load event. Please make sure it has an appropriate `as` value and it is preloaded intentionally. @ http://localhost:3000/?v=6:0
[   61087ms] [WARNING] The resource http://localhost:3000/_next/static/media/MatrixtypeDisplay_Bold-s.p.0o0_zsrn4.bj7.ttf was preloaded using link preload but not used within a few seconds from the window's load event. Please make sure it has an appropriate `as` value and it is preloaded intentionally. @ http://localhost:3000/?v=6:0
[   64805ms] [LOG] [Fast Refresh] rebuilding @ http://localhost:3000/_next/static/chunks/0qqy_next_dist_0xm.zuy._.js:2477
[   66853ms] [LOG] [Fast Refresh] done in 2200ms @ http://localhost:3000/_next/static/chunks/0qqy_next_dist_0xm.zuy._.js:2477
[   67524ms] [LOG] [Fast Refresh] rebuilding @ http://localhost:3000/_next/static/chunks/0qqy_next_dist_0xm.zuy._.js:2477
[   69425ms] [LOG] [Fast Refresh] done in 2034ms @ http://localhost:3000/_next/static/chunks/0qqy_next_dist_0xm.zuy._.js:2477
[   69641ms] [LOG] [Fast Refresh] rebuilding @ http://localhost:3000/_next/static/chunks/0qqy_next_dist_0xm.zuy._.js:2477
[   70295ms] [LOG] [Fast Refresh] done in 825ms @ http://localhost:3000/_next/static/chunks/0qqy_next_dist_0xm.zuy._.js:2477
[   71147ms] [LOG] [Fast Refresh] rebuilding @ http://localhost:3000/_next/static/chunks/0qqy_next_dist_0xm.zuy._.js:2477
[   72028ms] [LOG] [Fast Refresh] done in 1020ms @ http://localhost:3000/_next/static/chunks/0qqy_next_dist_0xm.zuy._.js:2477
[   72134ms] [LOG] [Fast Refresh] rebuilding @ http://localhost:3000/_next/static/chunks/0qqy_next_dist_0xm.zuy._.js:2477
[   74360ms] [LOG] [Fast Refresh] done in 2332ms @ http://localhost:3000/_next/static/chunks/0qqy_next_dist_0xm.zuy._.js:2477
[   74529ms] [LOG] [Fast Refresh] rebuilding @ http://localhost:3000/_next/static/chunks/0qqy_next_dist_0xm.zuy._.js:2477
[   74604ms] [LOG] [Fast Refresh] done in 242ms @ http://localhost:3000/_next/static/chunks/0qqy_next_dist_0xm.zuy._.js:2477
[   74832ms] [LOG] [Fast Refresh] rebuilding @ http://localhost:3000/_next/static/chunks/0qqy_next_dist_0xm.zuy._.js:2477
[   78181ms] [WARNING] The resource http://localhost:3000/_next/static/media/Matrixtype_Regular-s.p.03ef..uy5y_bj.ttf was preloaded using link preload but not used within a few seconds from the window's load event. Please make sure it has an appropriate `as` value and it is preloaded intentionally. @ http://localhost:3000/?v=6:0
[   78181ms] [WARNING] The resource http://localhost:3000/_next/static/media/PixeloidSans_Regular-s.p.0r_fcpc9zyie8.ttf was preloaded using link preload but not used within a few seconds from the window's load event. Please make sure it has an appropriate `as` value and it is preloaded intentionally. @ http://localhost:3000/?v=6:0
[   78181ms] [WARNING] The resource http://localhost:3000/_next/static/media/Matrixtype_Bold-s.p.0now-ui-z30b1.ttf was preloaded using link preload but not used within a few seconds from the window's load event. Please make sure it has an appropriate `as` value and it is preloaded intentionally. @ http://localhost:3000/?v=6:0
[   78181ms] [WARNING] The resource http://localhost:3000/_next/static/media/MatrixtypeDisplay_Bold-s.p.0o0_zsrn4.bj7.ttf was preloaded using link preload but not used within a few seconds from the window's load event. Please make sure it has an appropriate `as` value and it is preloaded intentionally. @ http://localhost:3000/?v=6:0
[   79340ms] [LOG] [Fast Refresh] done in 4633ms @ http://localhost:3000/_next/static/chunks/0qqy_next_dist_0xm.zuy._.js:2477
[   82150ms] [LOG] [Fast Refresh] rebuilding @ http://localhost:3000/_next/static/chunks/0qqy_next_dist_0xm.zuy._.js:2477
[   83522ms] [LOG] [Fast Refresh] done in 1492ms @ http://localhost:3000/_next/static/chunks/0qqy_next_dist_0xm.zuy._.js:2477
[   83718ms] [LOG] [Fast Refresh] rebuilding @ http://localhost:3000/_next/static/chunks/0qqy_next_dist_0xm.zuy._.js:2477
[   86997ms] [WARNING] The resource http://localhost:3000/_next/static/media/Matrixtype_Regular-s.p.03ef..uy5y_bj.ttf was preloaded using link preload but not used within a few seconds from the window's load event. Please make sure it has an appropriate `as` value and it is preloaded intentionally. @ http://localhost:3000/?v=6:0
[   86998ms] [WARNING] The resource http://localhost:3000/_next/static/media/PixeloidSans_Regular-s.p.0r_fcpc9zyie8.ttf was preloaded using link preload but not used within a few seconds from the window's load event. Please make sure it has an appropriate `as` value and it is preloaded intentionally. @ http://localhost:3000/?v=6:0
[   86998ms] [WARNING] The resource http://localhost:3000/_next/static/media/Matrixtype_Bold-s.p.0now-ui-z30b1.ttf was preloaded using link preload but not used within a few seconds from the window's load event. Please make sure it has an appropriate `as` value and it is preloaded intentionally. @ http://localhost:3000/?v=6:0
[   86998ms] [WARNING] The resource http://localhost:3000/_next/static/media/MatrixtypeDisplay_Bold-s.p.0o0_zsrn4.bj7.ttf was preloaded using link preload but not used within a few seconds from the window's load event. Please make sure it has an appropriate `as` value and it is preloaded intentionally. @ http://localhost:3000/?v=6:0
[  103203ms] [LOG] [Fast Refresh] done in 19639ms @ http://localhost:3000/_next/static/chunks/0qqy_next_dist_0xm.zuy._.js:2477
[  115418ms] [LOG] [Fast Refresh] rebuilding @ http://localhost:3000/_next/static/chunks/0qqy_next_dist_0xm.zuy._.js:2477
[  118894ms] [WARNING] The resource http://localhost:3000/_next/static/media/Matrixtype_Regular-s.p.03ef..uy5y_bj.ttf was preloaded using link preload but not used within a few seconds from the window's load event. Please make sure it has an appropriate `as` value and it is preloaded intentionally. @ http://localhost:3000/?v=6:0
[  118894ms] [WARNING] The resource http://localhost:3000/_next/static/media/PixeloidSans_Regular-s.p.0r_fcpc9zyie8.ttf was preloaded using link preload but not used within a few seconds from the window's load event. Please make sure it has an appropriate `as` value and it is preloaded intentionally. @ http://localhost:3000/?v=6:0
[  118894ms] [WARNING] The resource http://localhost:3000/_next/static/media/Matrixtype_Bold-s.p.0now-ui-z30b1.ttf was preloaded using link preload but not used within a few seconds from the window's load event. Please make sure it has an appropriate `as` value and it is preloaded intentionally. @ http://localhost:3000/?v=6:0
[  118894ms] [WARNING] The resource http://localhost:3000/_next/static/media/MatrixtypeDisplay_Bold-s.p.0o0_zsrn4.bj7.ttf was preloaded using link preload but not used within a few seconds from the window's load event. Please make sure it has an appropriate `as` value and it is preloaded intentionally. @ http://localhost:3000/?v=6:0
[  119466ms] [LOG] [Fast Refresh] done in 4162ms @ http://localhost:3000/_next/static/chunks/0qqy_next_dist_0xm.zuy._.js:2477
[  119623ms] [LOG] [Fast Refresh] rebuilding @ http://localhost:3000/_next/static/chunks/0qqy_next_dist_0xm.zuy._.js:2477
[  120124ms] [LOG] [Fast Refresh] done in 656ms @ http://localhost:3000/_next/static/chunks/0qqy_next_dist_0xm.zuy._.js:2477
[  123060ms] [WARNING] The resource http://localhost:3000/_next/static/media/Matrixtype_Regular-s.p.03ef..uy5y_bj.ttf was preloaded using link preload but not used within a few seconds from the window's load event. Please make sure it has an appropriate `as` value and it is preloaded intentionally. @ http://localhost:3000/?v=6:0
[  123060ms] [WARNING] The resource http://localhost:3000/_next/static/media/PixeloidSans_Regular-s.p.0r_fcpc9zyie8.ttf was preloaded using link preload but not used within a few seconds from the window's load event. Please make sure it has an appropriate `as` value and it is preloaded intentionally. @ http://localhost:3000/?v=6:0
[  123060ms] [WARNING] The resource http://localhost:3000/_next/static/media/Matrixtype_Bold-s.p.0now-ui-z30b1.ttf was preloaded using link preload but not used within a few seconds from the window's load event. Please make sure it has an appropriate `as` value and it is preloaded intentionally. @ http://localhost:3000/?v=6:0
[  123060ms] [WARNING] The resource http://localhost:3000/_next/static/media/MatrixtypeDisplay_Bold-s.p.0o0_zsrn4.bj7.ttf was preloaded using link preload but not used within a few seconds from the window's load event. Please make sure it has an appropriate `as` value and it is preloaded intentionally. @ http://localhost:3000/?v=6:0
[  150118ms] [LOG] [Fast Refresh] rebuilding @ http://localhost:3000/_next/static/chunks/0qqy_next_dist_0xm.zuy._.js:2477
[  153205ms] [LOG] [Fast Refresh] done in 3246ms @ http://localhost:3000/_next/static/chunks/0qqy_next_dist_0xm.zuy._.js:2477
[  153611ms] [WARNING] The resource http://localhost:3000/_next/static/media/Matrixtype_Regular-s.p.03ef..uy5y_bj.ttf was preloaded using link preload but not used within a few seconds from the window's load event. Please make sure it has an appropriate `as` value and it is preloaded intentionally. @ http://localhost:3000/?v=6:0
[  153612ms] [WARNING] The resource http://localhost:3000/_next/static/media/PixeloidSans_Regular-s.p.0r_fcpc9zyie8.ttf was preloaded using link preload but not used within a few seconds from the window's load event. Please make sure it has an appropriate `as` value and it is preloaded intentionally. @ http://localhost:3000/?v=6:0
[  153612ms] [WARNING] The resource http://localhost:3000/_next/static/media/Matrixtype_Bold-s.p.0now-ui-z30b1.ttf was preloaded using link preload but not used within a few seconds from the window's load event. Please make sure it has an appropriate `as` value and it is preloaded intentionally. @ http://localhost:3000/?v=6:0
[  153612ms] [WARNING] The resource http://localhost:3000/_next/static/media/MatrixtypeDisplay_Bold-s.p.0o0_zsrn4.bj7.ttf was preloaded using link preload but not used within a few seconds from the window's load event. Please make sure it has an appropriate `as` value and it is preloaded intentionally. @ http://localhost:3000/?v=6:0
[  171719ms] [LOG] [Fast Refresh] rebuilding @ http://localhost:3000/_next/static/chunks/0qqy_next_dist_0xm.zuy._.js:2477
[  171901ms] [LOG] [Fast Refresh] done in 313ms @ http://localhost:3000/_next/static/chunks/0qqy_next_dist_0xm.zuy._.js:2477
[  175369ms] [LOG] [Fast Refresh] rebuilding @ http://localhost:3000/_next/static/chunks/0qqy_next_dist_0xm.zuy._.js:2477
[  178047ms] [LOG] [Fast Refresh] done in 2797ms @ http://localhost:3000/_next/static/chunks/0qqy_next_dist_0xm.zuy._.js:2477
[  178778ms] [WARNING] The resource http://localhost:3000/_next/static/media/Matrixtype_Regular-s.p.03ef..uy5y_bj.ttf was preloaded using link preload but not used within a few seconds from the window's load event. Please make sure it has an appropriate `as` value and it is preloaded intentionally. @ http://localhost:3000/?v=6:0
[  178778ms] [WARNING] The resource http://localhost:3000/_next/static/media/PixeloidSans_Regular-s.p.0r_fcpc9zyie8.ttf was preloaded using link preload but not used within a few seconds from the window's load event. Please make sure it has an appropriate `as` value and it is preloaded intentionally. @ http://localhost:3000/?v=6:0
[  178778ms] [WARNING] The resource http://localhost:3000/_next/static/media/Matrixtype_Bold-s.p.0now-ui-z30b1.ttf was preloaded using link preload but not used within a few seconds from the window's load event. Please make sure it has an appropriate `as` value and it is preloaded intentionally. @ http://localhost:3000/?v=6:0
[  178778ms] [WARNING] The resource http://localhost:3000/_next/static/media/MatrixtypeDisplay_Bold-s.p.0o0_zsrn4.bj7.ttf was preloaded using link preload but not used within a few seconds from the window's load event. Please make sure it has an appropriate `as` value and it is preloaded intentionally. @ http://localhost:3000/?v=6:0
[  221070ms] [LOG] [Fast Refresh] rebuilding @ http://localhost:3000/_next/static/chunks/0qqy_next_dist_0xm.zuy._.js:2477
[  221820ms] [LOG] [Fast Refresh] done in 885ms @ http://localhost:3000/_next/static/chunks/0qqy_next_dist_0xm.zuy._.js:2477
[  224563ms] [WARNING] The resource http://localhost:3000/_next/static/media/Matrixtype_Regular-s.p.03ef..uy5y_bj.ttf was preloaded using link preload but not used within a few seconds from the window's load event. Please make sure it has an appropriate `as` value and it is preloaded intentionally. @ http://localhost:3000/?v=6:0
[  224563ms] [WARNING] The resource http://localhost:3000/_next/static/media/PixeloidSans_Regular-s.p.0r_fcpc9zyie8.ttf was preloaded using link preload but not used within a few seconds from the window's load event. Please make sure it has an appropriate `as` value and it is preloaded intentionally. @ http://localhost:3000/?v=6:0
[  224563ms] [WARNING] The resource http://localhost:3000/_next/static/media/Matrixtype_Bold-s.p.0now-ui-z30b1.ttf was preloaded using link preload but not used within a few seconds from the window's load event. Please make sure it has an appropriate `as` value and it is preloaded intentionally. @ http://localhost:3000/?v=6:0
[  224563ms] [WARNING] The resource http://localhost:3000/_next/static/media/MatrixtypeDisplay_Bold-s.p.0o0_zsrn4.bj7.ttf was preloaded using link preload but not used within a few seconds from the window's load event. Please make sure it has an appropriate `as` value and it is preloaded intentionally. @ http://localhost:3000/?v=6:0
[  911663ms] [LOG] [Fast Refresh] rebuilding @ http://localhost:3000/_next/static/chunks/0qqy_next_dist_0xm.zuy._.js:2477
[  912453ms] [LOG] [Fast Refresh] done in 928ms @ http://localhost:3000/_next/static/chunks/0qqy_next_dist_0xm.zuy._.js:2477
[  915177ms] [WARNING] The resource http://localhost:3000/_next/static/media/Matrixtype_Regular-s.p.03ef..uy5y_bj.ttf was preloaded using link preload but not used within a few seconds from the window's load event. Please make sure it has an appropriate `as` value and it is preloaded intentionally. @ http://localhost:3000/?v=6:0
[  915177ms] [WARNING] The resource http://localhost:3000/_next/static/media/PixeloidSans_Regular-s.p.0r_fcpc9zyie8.ttf was preloaded using link preload but not used within a few seconds from the window's load event. Please make sure it has an appropriate `as` value and it is preloaded intentionally. @ http://localhost:3000/?v=6:0
[  915177ms] [WARNING] The resource http://localhost:3000/_next/static/media/Matrixtype_Bold-s.p.0now-ui-z30b1.ttf was preloaded using link preload but not used within a few seconds from the window's load event. Please make sure it has an appropriate `as` value and it is preloaded intentionally. @ http://localhost:3000/?v=6:0
[  915177ms] [WARNING] The resource http://localhost:3000/_next/static/media/MatrixtypeDisplay_Bold-s.p.0o0_zsrn4.bj7.ttf was preloaded using link preload but not used within a few seconds from the window's load event. Please make sure it has an appropriate `as` value and it is preloaded intentionally. @ http://localhost:3000/?v=6:0
[  915210ms] [LOG] [Fast Refresh] rebuilding @ http://localhost:3000/_next/static/chunks/0qqy_next_dist_0xm.zuy._.js:2477
[  915599ms] [LOG] [Fast Refresh] done in 522ms @ http://localhost:3000/_next/static/chunks/0qqy_next_dist_0xm.zuy._.js:2477
[  918662ms] [WARNING] The resource http://localhost:3000/_next/static/media/Matrixtype_Regular-s.p.03ef..uy5y_bj.ttf was preloaded using link preload but not used within a few seconds from the window's load event. Please make sure it has an appropriate `as` value and it is preloaded intentionally. @ http://localhost:3000/?v=6:0
[  918662ms] [WARNING] The resource http://localhost:3000/_next/static/media/PixeloidSans_Regular-s.p.0r_fcpc9zyie8.ttf was preloaded using link preload but not used within a few seconds from the window's load event. Please make sure it has an appropriate `as` value and it is preloaded intentionally. @ http://localhost:3000/?v=6:0
[  918662ms] [WARNING] The resource http://localhost:3000/_next/static/media/Matrixtype_Bold-s.p.0now-ui-z30b1.ttf was preloaded using link preload but not used within a few seconds from the window's load event. Please make sure it has an appropriate `as` value and it is preloaded intentionally. @ http://localhost:3000/?v=6:0
[  918662ms] [WARNING] The resource http://localhost:3000/_next/static/media/MatrixtypeDisplay_Bold-s.p.0o0_zsrn4.bj7.ttf was preloaded using link preload but not used within a few seconds from the window's load event. Please make sure it has an appropriate `as` value and it is preloaded intentionally. @ http://localhost:3000/?v=6:0
[ 1082388ms] [LOG] [Fast Refresh] rebuilding @ http://localhost:3000/_next/static/chunks/0qqy_next_dist_0xm.zuy._.js:2477
[ 1082544ms] [LOG] [Fast Refresh] done in 254ms @ http://localhost:3000/_next/static/chunks/0qqy_next_dist_0xm.zuy._.js:2477
