[     163ms] [INFO] %cDownload the React DevTools for a better development experience: https://react.dev/link/react-devtools font-weight:bold @ http://localhost:3000/_next/static/chunks/0qqy_next_dist_0xm.zuy._.js:2477
[     180ms] [LOG] [HMR] connected @ http://localhost:3000/_next/static/chunks/0qqy_next_dist_0xm.zuy._.js:2477
[  214467ms] [INFO] %cDownload the React DevTools for a better development experience: https://react.dev/link/react-devtools font-weight:bold @ http://localhost:3000/_next/static/chunks/0qqy_next_dist_0xm.zuy._.js:2477
[  214483ms] [LOG] [HMR] connected @ http://localhost:3000/_next/static/chunks/0qqy_next_dist_0xm.zuy._.js:2477
[  238955ms] [INFO] %cDownload the React DevTools for a better development experience: https://react.dev/link/react-devtools font-weight:bold @ http://localhost:3000/_next/static/chunks/0qqy_next_dist_0xm.zuy._.js:2477
[  238968ms] [LOG] [HMR] connected @ http://localhost:3000/_next/static/chunks/0qqy_next_dist_0xm.zuy._.js:2477
[  252335ms] [INFO] %cDownload the React DevTools for a better development experience: https://react.dev/link/react-devtools font-weight:bold @ http://localhost:3000/_next/static/chunks/0qqy_next_dist_0xm.zuy._.js:2477
[  252346ms] [LOG] [HMR] connected @ http://localhost:3000/_next/static/chunks/0qqy_next_dist_0xm.zuy._.js:2477
[  418204ms] [INFO] %cDownload the React DevTools for a better development experience: https://react.dev/link/react-devtools font-weight:bold @ http://localhost:3000/_next/static/chunks/0qqy_next_dist_0xm.zuy._.js:2477
[  418218ms] [LOG] [HMR] connected @ http://localhost:3000/_next/static/chunks/0qqy_next_dist_0xm.zuy._.js:2477
[  533976ms] [INFO] %cDownload the React DevTools for a better development experience: https://react.dev/link/react-devtools font-weight:bold @ http://localhost:3000/_next/static/chunks/0qqy_next_dist_0xm.zuy._.js:2477
[  533988ms] [LOG] [HMR] connected @ http://localhost:3000/_next/static/chunks/0qqy_next_dist_0xm.zuy._.js:2477
[  701274ms] [LOG] [Fast Refresh] rebuilding @ http://localhost:3000/_next/static/chunks/0qqy_next_dist_0xm.zuy._.js:2477
[  701355ms] [LOG] [Fast Refresh] done in 63ms @ http://localhost:3000/_next/static/chunks/0qqy_next_dist_0xm.zuy._.js:2477
[  729253ms] [LOG] [Fast Refresh] rebuilding @ http://localhost:3000/_next/static/chunks/0qqy_next_dist_0xm.zuy._.js:2477
[  729327ms] [LOG] [Fast Refresh] done in 72ms @ http://localhost:3000/_next/static/chunks/0qqy_next_dist_0xm.zuy._.js:2477
[  808320ms] [LOG] [Fast Refresh] rebuilding @ http://localhost:3000/_next/static/chunks/0qqy_next_dist_0xm.zuy._.js:2477
[  808462ms] [LOG] [Fast Refresh] done in 188ms @ http://localhost:3000/_next/static/chunks/0qqy_next_dist_0xm.zuy._.js:2477
[  812343ms] [LOG] [Fast Refresh] rebuilding @ http://localhost:3000/_next/static/chunks/0qqy_next_dist_0xm.zuy._.js:2477
[  812371ms] [LOG] [Fast Refresh] done in 130ms @ http://localhost:3000/_next/static/chunks/0qqy_next_dist_0xm.zuy._.js:2477
[  812415ms] [INFO] %cDownload the React DevTools for a better development experience: https://react.dev/link/react-devtools font-weight:bold @ http://localhost:3000/_next/static/chunks/0qqy_next_dist_0xm.zuy._.js:2477
[  812426ms] [LOG] [HMR] connected @ http://localhost:3000/_next/static/chunks/0qqy_next_dist_0xm.zuy._.js:2477
[  872169ms] [LOG] [Fast Refresh] rebuilding @ http://localhost:3000/_next/static/chunks/0qqy_next_dist_0xm.zuy._.js:2477
[  872201ms] [LOG] [Fast Refresh] done in 40ms @ http://localhost:3000/_next/static/chunks/0qqy_next_dist_0xm.zuy._.js:2477
[  892325ms] [LOG] [Fast Refresh] rebuilding @ http://localhost:3000/_next/static/chunks/0qqy_next_dist_0xm.zuy._.js:2477
[  892355ms] [LOG] [Fast Refresh] done in 22ms @ http://localhost:3000/_next/static/chunks/0qqy_next_dist_0xm.zuy._.js:2477
[  912623ms] [LOG] [Fast Refresh] rebuilding @ http://localhost:3000/_next/static/chunks/0qqy_next_dist_0xm.zuy._.js:2477
[  912652ms] [LOG] [Fast Refresh] done in 50ms @ http://localhost:3000/_next/static/chunks/0qqy_next_dist_0xm.zuy._.js:2477
[ 1013485ms] [LOG] [Fast Refresh] rebuilding @ http://localhost:3000/_next/static/chunks/0qqy_next_dist_0xm.zuy._.js:2477
[ 1013515ms] [LOG] [Fast Refresh] done in 20ms @ http://localhost:3000/_next/static/chunks/0qqy_next_dist_0xm.zuy._.js:2477
[ 1082217ms] [INFO] %cDownload the React DevTools for a better development experience: https://react.dev/link/react-devtools font-weight:bold @ http://localhost:3000/_next/static/chunks/0qqy_next_dist_0xm.zuy._.js:2477
[ 1082227ms] [LOG] [HMR] connected @ http://localhost:3000/_next/static/chunks/0qqy_next_dist_0xm.zuy._.js:2477
[ 1098520ms] [ERROR] WebSocket connection to 'ws://localhost:3000/_next/webpack-hmr?id=IGkBVoOtbIB8BfFEmJV_Y' failed: Error in connection establishment: net::ERR_CONNECTION_REFUSED @ http://localhost:3000/_next/static/chunks/0qqy_next_dist_client_12y3eab._.js:13322
[ 1099522ms] [ERROR] WebSocket connection to 'ws://localhost:3000/_next/webpack-hmr?id=IGkBVoOtbIB8BfFEmJV_Y' failed: Error in connection establishment: net::ERR_CONNECTION_REFUSED @ http://localhost:3000/_next/static/chunks/0qqy_next_dist_client_12y3eab._.js:13322
[ 1100524ms] [ERROR] WebSocket connection to 'ws://localhost:3000/_next/webpack-hmr?id=IGkBVoOtbIB8BfFEmJV_Y' failed: Error in connection establishment: net::ERR_CONNECTION_REFUSED @ http://localhost:3000/_next/static/chunks/0qqy_next_dist_client_12y3eab._.js:13322
