[    1287ms] [LOG] [Fast Refresh] rebuilding @ http://localhost:3000/_next/static/chunks/0qqy_next_dist_0xm.zuy._.js:2477
[    4715ms] [LOG] [Fast Refresh] done in 3553ms @ http://localhost:3000/_next/static/chunks/0qqy_next_dist_0xm.zuy._.js:2477
[    8187ms] [INFO] %cDownload the React DevTools for a better development experience: https://react.dev/link/react-devtools font-weight:bold @ http://localhost:3000/_next/static/chunks/0qqy_next_dist_0xm.zuy._.js:2477
[    8246ms] [LOG] [HMR] connected @ http://localhost:3000/_next/static/chunks/0qqy_next_dist_0xm.zuy._.js:2477
[    9552ms] [LOG] [Fast Refresh] rebuilding @ http://localhost:3000/_next/static/chunks/0qqy_next_dist_0xm.zuy._.js:2477
[    9809ms] [LOG] [Fast Refresh] done in 357ms @ http://localhost:3000/_next/static/chunks/0qqy_next_dist_0xm.zuy._.js:2477
[   10393ms] [LOG] [Fast Refresh] rebuilding @ http://localhost:3000/_next/static/chunks/0qqy_next_dist_0xm.zuy._.js:2477
[   10425ms] [LOG] [Fast Refresh] done in 134ms @ http://localhost:3000/_next/static/chunks/0qqy_next_dist_0xm.zuy._.js:2477
[   15071ms] [LOG] [Fast Refresh] rebuilding @ http://localhost:3000/_next/static/chunks/0qqy_next_dist_0xm.zuy._.js:2477
[   16127ms] [LOG] [Fast Refresh] done in 1156ms @ http://localhost:3000/_next/static/chunks/0qqy_next_dist_0xm.zuy._.js:2477
[  939432ms] [LOG] [HMR] connected @ http://localhost:3000/_next/static/chunks/0qqy_next_dist_0xm.zuy._.js:2477
[  940049ms] [LOG] [Fast Refresh] rebuilding @ http://localhost:3000/_next/static/chunks/0qqy_next_dist_0xm.zuy._.js:2477
[  940105ms] [LOG] [Fast Refresh] done in 157ms @ http://localhost:3000/_next/static/chunks/0qqy_next_dist_0xm.zuy._.js:2477
[ 3504364ms] [LOG] [Fast Refresh] rebuilding @ http://localhost:3000/_next/static/chunks/0qqy_next_dist_0xm.zuy._.js:2477
[ 3504418ms] [LOG] [Fast Refresh] done in 125ms @ http://localhost:3000/_next/static/chunks/0qqy_next_dist_0xm.zuy._.js:2477
[ 3644024ms] [LOG] [Fast Refresh] rebuilding @ http://localhost:3000/_next/static/chunks/0qqy_next_dist_0xm.zuy._.js:2477
[ 3644086ms] [LOG] [Fast Refresh] done in 163ms @ http://localhost:3000/_next/static/chunks/0qqy_next_dist_0xm.zuy._.js:2477
[ 3687651ms] [LOG] [Fast Refresh] rebuilding @ http://localhost:3000/_next/static/chunks/0qqy_next_dist_0xm.zuy._.js:2477
[ 3687675ms] [LOG] [Fast Refresh] done in 86ms @ http://localhost:3000/_next/static/chunks/0qqy_next_dist_0xm.zuy._.js:2477
[ 3856024ms] [LOG] [Fast Refresh] rebuilding @ http://localhost:3000/_next/static/chunks/0qqy_next_dist_0xm.zuy._.js:2477
[ 3856053ms] [LOG] [Fast Refresh] done in 70ms @ http://localhost:3000/_next/static/chunks/0qqy_next_dist_0xm.zuy._.js:2477
[ 3865569ms] [LOG] [Fast Refresh] rebuilding @ http://localhost:3000/_next/static/chunks/0qqy_next_dist_0xm.zuy._.js:2477
[ 3865670ms] [LOG] [Fast Refresh] done in 163ms @ http://localhost:3000/_next/static/chunks/0qqy_next_dist_0xm.zuy._.js:2477
[ 5670195ms] [LOG] [HMR] connected @ http://localhost:3000/_next/static/chunks/0qqy_next_dist_0xm.zuy._.js:2477
[ 5670622ms] [LOG] [Fast Refresh] rebuilding @ http://localhost:3000/_next/static/chunks/0qqy_next_dist_0xm.zuy._.js:2477
[ 5670629ms] [LOG] [Fast Refresh] done in 108ms @ http://localhost:3000/_next/static/chunks/0qqy_next_dist_0xm.zuy._.js:2477
[ 7961304ms] [LOG] [HMR] connected @ http://localhost:3000/_next/static/chunks/0qqy_next_dist_0xm.zuy._.js:2477
[11773338ms] [LOG] [HMR] connected @ http://localhost:3000/_next/static/chunks/0qqy_next_dist_0xm.zuy._.js:2477
[35855672ms] [LOG] [HMR] connected @ http://localhost:3000/_next/static/chunks/0qqy_next_dist_0xm.zuy._.js:2477
[68647333ms] [LOG] [Fast Refresh] rebuilding @ http://localhost:3000/_next/static/chunks/0qqy_next_dist_0xm.zuy._.js:2477
[68647603ms] [LOG] [Fast Refresh] done in 439ms @ http://localhost:3000/_next/static/chunks/0qqy_next_dist_0xm.zuy._.js:2477
[77687510ms] [LOG] [HMR] connected @ http://localhost:3000/_next/static/chunks/0qqy_next_dist_0xm.zuy._.js:2477
[77688074ms] [LOG] [Fast Refresh] rebuilding @ http://localhost:3000/_next/static/chunks/0qqy_next_dist_0xm.zuy._.js:2477
[77688405ms] [LOG] [Fast Refresh] done in 464ms @ http://localhost:3000/_next/static/chunks/0qqy_next_dist_0xm.zuy._.js:2477
