[      80ms] [INFO] %cDownload the React DevTools for a better development experience: https://react.dev/link/react-devtools font-weight:bold @ http://localhost:3000/_next/static/chunks/0qqy_next_dist_0xm.zuy._.js:2477
[      90ms] [LOG] [HMR] connected @ http://localhost:3000/_next/static/chunks/0qqy_next_dist_0xm.zuy._.js:2477
[ 1809079ms] [LOG] [Fast Refresh] rebuilding @ http://localhost:3000/_next/static/chunks/0qqy_next_dist_0xm.zuy._.js:2477
[ 1809141ms] [LOG] [Fast Refresh] done in 162ms @ http://localhost:3000/_next/static/chunks/0qqy_next_dist_0xm.zuy._.js:2477
[ 1809601ms] [LOG] [Fast Refresh] rebuilding @ http://localhost:3000/_next/static/chunks/0qqy_next_dist_0xm.zuy._.js:2477
[ 1809615ms] [LOG] [Fast Refresh] done in 116ms @ http://localhost:3000/_next/static/chunks/0qqy_next_dist_0xm.zuy._.js:2477
[ 1815596ms] [LOG] [Fast Refresh] rebuilding @ http://localhost:3000/_next/static/chunks/0qqy_next_dist_0xm.zuy._.js:2477
[ 1815625ms] [LOG] [Fast Refresh] done in 130ms @ http://localhost:3000/_next/static/chunks/0qqy_next_dist_0xm.zuy._.js:2477
[ 1922905ms] [LOG] [Fast Refresh] rebuilding @ http://localhost:3000/_next/static/chunks/0qqy_next_dist_0xm.zuy._.js:2477
[ 1923005ms] [LOG] [Fast Refresh] done in 202ms @ http://localhost:3000/_next/static/chunks/0qqy_next_dist_0xm.zuy._.js:2477
[ 1932043ms] [LOG] [Fast Refresh] rebuilding @ http://localhost:3000/_next/static/chunks/0qqy_next_dist_0xm.zuy._.js:2477
[ 1932554ms] [LOG] [Fast Refresh] done in 463ms @ http://localhost:3000/_next/static/chunks/0qqy_next_dist_0xm.zuy._.js:2477
[ 1932660ms] [LOG] [Fast Refresh] rebuilding @ http://localhost:3000/_next/static/chunks/0qqy_next_dist_0xm.zuy._.js:2477
[ 1933115ms] [LOG] [Fast Refresh] done in 556ms @ http://localhost:3000/_next/static/chunks/0qqy_next_dist_0xm.zuy._.js:2477
[ 1938234ms] [INFO] %cDownload the React DevTools for a better development experience: https://react.dev/link/react-devtools font-weight:bold @ http://localhost:3000/_next/static/chunks/0qqy_next_dist_0xm.zuy._.js:2477
[ 1938352ms] [LOG] [HMR] connected @ http://localhost:3000/_next/static/chunks/0qqy_next_dist_0xm.zuy._.js:2477
[ 1938693ms] [LOG] [Fast Refresh] rebuilding @ http://localhost:3000/_next/static/chunks/0qqy_next_dist_0xm.zuy._.js:2477
[ 1938757ms] [LOG] [Fast Refresh] done in 165ms @ http://localhost:3000/_next/static/chunks/0qqy_next_dist_0xm.zuy._.js:2477
[ 1941592ms] [WARNING] The resource http://localhost:3000/_next/static/media/Matrixtype_Regular-s.p.03ef..uy5y_bj.ttf was preloaded using link preload but not used within a few seconds from the window's load event. Please make sure it has an appropriate `as` value and it is preloaded intentionally. @ http://localhost:3000/:0
[ 1941592ms] [WARNING] The resource http://localhost:3000/_next/static/media/Matrixtype_Bold-s.p.0now-ui-z30b1.ttf was preloaded using link preload but not used within a few seconds from the window's load event. Please make sure it has an appropriate `as` value and it is preloaded intentionally. @ http://localhost:3000/:0
[ 1941592ms] [WARNING] The resource http://localhost:3000/_next/static/media/MatrixtypeDisplay_Bold-s.p.0o0_zsrn4.bj7.ttf was preloaded using link preload but not used within a few seconds from the window's load event. Please make sure it has an appropriate `as` value and it is preloaded intentionally. @ http://localhost:3000/:0
[ 1941592ms] [WARNING] The resource http://localhost:3000/_next/static/media/MatrixtypeDisplay_Regular-s.p.0zjhr.7ln78i-.ttf was preloaded using link preload but not used within a few seconds from the window's load event. Please make sure it has an appropriate `as` value and it is preloaded intentionally. @ http://localhost:3000/:0
[ 1942775ms] [LOG] [Fast Refresh] rebuilding @ http://localhost:3000/_next/static/chunks/0qqy_next_dist_0xm.zuy._.js:2477
[ 1942937ms] [LOG] [Fast Refresh] done in 235ms @ http://localhost:3000/_next/static/chunks/0qqy_next_dist_0xm.zuy._.js:2477
[ 1950301ms] [LOG] [Fast Refresh] rebuilding @ http://localhost:3000/_next/static/chunks/0qqy_next_dist_0xm.zuy._.js:2477
[ 1950943ms] [LOG] [Fast Refresh] done in 674ms @ http://localhost:3000/_next/static/chunks/0qqy_next_dist_0xm.zuy._.js:2477
[ 1959888ms] [LOG] [Fast Refresh] rebuilding @ http://localhost:3000/_next/static/chunks/0qqy_next_dist_0xm.zuy._.js:2477
[ 1960107ms] [LOG] [Fast Refresh] done in 320ms @ http://localhost:3000/_next/static/chunks/0qqy_next_dist_0xm.zuy._.js:2477
[ 1960215ms] [LOG] [Fast Refresh] rebuilding @ http://localhost:3000/_next/static/chunks/0qqy_next_dist_0xm.zuy._.js:2477
[ 1960321ms] [LOG] [Fast Refresh] done in 208ms @ http://localhost:3000/_next/static/chunks/0qqy_next_dist_0xm.zuy._.js:2477
[ 1965565ms] [LOG] [Fast Refresh] rebuilding @ http://localhost:3000/_next/static/chunks/0qqy_next_dist_0xm.zuy._.js:2477
[ 1965603ms] [LOG] [Fast Refresh] done in 17ms @ http://localhost:3000/_next/static/chunks/0qqy_next_dist_0xm.zuy._.js:2477
